1: Nov 09 13:11:35 localhost kernel: Linux version 5.15.73 (oe-user@oe-host) (x86_64-poky-linux-gcc (GCC) 11.3.0, GNU ld (GNU Binutils) 2.38.20220708) #1 SMP PREEMPT Sun May 21 21:05:48 UTC 2023
2: Nov 09 13:11:35 localhost kernel: Command line: BOOT_IMAGE=/boot/vmlinuz root=/dev/sda2 video=eDP-1:d ro
3: Nov 09 13:11:35 localhost kernel: x86/fpu: Supporting XSAVE feature 0x001: 'x87 floating point registers'
4: Nov 09 13:11:35 localhost kernel: x86/fpu: Supporting XSAVE feature 0x002: 'SSE registers'
5: Nov 09 13:11:35 localhost kernel: x86/fpu: Supporting XSAVE feature 0x004: 'AVX registers'
6: Nov 09 13:11:35 localhost kernel: x86/fpu: xstate_offset[2]:  576, xstate_sizes[2]:  256
7: Nov 09 13:11:35 localhost kernel: x86/fpu: Enabled xstate features 0x7, context size is 832 bytes, using 'compacted' format.
8: Nov 09 13:11:35 localhost kernel: signal: max sigframe size: 1776
9: Nov 09 13:11:35 localhost kernel: BIOS-provided physical RAM map:
10: Nov 09 13:11:35 localhost kernel: BIOS-e820: [mem 0x0000000000000000-0x000000000009ffff] usable
11: Nov 09 13:11:35 localhost kernel: BIOS-e820: [mem 0x00000000000a0000-0x00000000000fffff] reserved
12: Nov 09 13:11:35 localhost kernel: BIOS-e820: [mem 0x0000000000100000-0x0000000009601fff] usable
13: Nov 09 13:11:35 localhost kernel: BIOS-e820: [mem 0x0000000009602000-0x00000000097fffff] reserved
14: Nov 09 13:11:35 localhost kernel: BIOS-e820: [mem 0x0000000009800000-0x000000000a1fffff] usable
15: Nov 09 13:11:35 localhost kernel: BIOS-e820: [mem 0x000000000a200000-0x000000000a20afff] ACPI NVS
16: Nov 09 13:11:35 localhost kernel: BIOS-e820: [mem 0x000000000a20b000-0x000000003d5ebfff] usable
17: Nov 09 13:11:35 localhost kernel: BIOS-e820: [mem 0x000000003d5ec000-0x000000003d709fff] reserved
18: Nov 09 13:11:35 localhost kernel: BIOS-e820: [mem 0x000000003d70a000-0x000000003d8a9fff] usable
19: Nov 09 13:11:35 localhost kernel: BIOS-e820: [mem 0x000000003d8aa000-0x000000003dd35fff] ACPI NVS
20: Nov 09 13:11:35 localhost kernel: BIOS-e820: [mem 0x000000003dd36000-0x000000003e4dafff] reserved
21: Nov 09 13:11:35 localhost kernel: BIOS-e820: [mem 0x000000003e4db000-0x000000003e55ffff] type 20
22: Nov 09 13:11:35 localhost kernel: BIOS-e820: [mem 0x000000003e560000-0x000000003effffff] usable
23: Nov 09 13:11:35 localhost kernel: BIOS-e820: [mem 0x000000003f000000-0x000000003fffffff] reserved
24: Nov 09 13:11:35 localhost kernel: BIOS-e820: [mem 0x00000000f8000000-0x00000000fbffffff] reserved
25: Nov 09 13:11:35 localhost kernel: BIOS-e820: [mem 0x00000000fd000000-0x00000000ffffffff] reserved
26: Nov 09 13:11:35 localhost kernel: BIOS-e820: [mem 0x0000000100000000-0x000000047effffff] usable
27: Nov 09 13:11:35 localhost kernel: BIOS-e820: [mem 0x000000047f000000-0x00000004beffffff] reserved
28: Nov 09 13:11:35 localhost kernel: BIOS-e820: [mem 0x00000004bf000000-0x00000004bf33ffff] usable
29: Nov 09 13:11:35 localhost kernel: BIOS-e820: [mem 0x00000004bf340000-0x00000004bfffffff] reserved
30: Nov 09 13:11:35 localhost kernel: NX (Execute Disable) protection: active
31: Nov 09 13:11:35 localhost kernel: efi: EFI v2.70 by American Megatrends
32: Nov 09 13:11:35 localhost kernel: efi: ACPI 2.0=0x3dcb5000 ACPI=0x3dcb5000 SMBIOS=0x3e390000 SMBIOS 3.0=0x3e38f000 MEMATTR=0x3a4c7018 ESRT=0x3ce10298 
33: Nov 09 13:11:35 localhost kernel: SMBIOS 3.2.0 present.
34: Nov 09 13:11:35 localhost kernel: DMI: R&S IPSX4_TS_CMP/IPSX4_TS_CMP, BIOS 3.4 11/19/2021
35: Nov 09 13:11:35 localhost kernel: tsc: Fast TSC calibration using PIT
36: Nov 09 13:11:35 localhost kernel: tsc: Detected 3244.097 MHz processor
37: Nov 09 13:11:35 localhost kernel: e820: update [mem 0x00000000-0x00000fff] usable ==> reserved
38: Nov 09 13:11:35 localhost kernel: e820: remove [mem 0x000a0000-0x000fffff] usable
39: Nov 09 13:11:35 localhost kernel: last_pfn = 0x4bf340 max_arch_pfn = 0x400000000
40: Nov 09 13:11:35 localhost kernel: x86/PAT: Configuration [0-7]: WB  WC  UC- UC  WB  WP  UC- WT  
41: Nov 09 13:11:35 localhost kernel: e820: update [mem 0x40000000-0xffffffff] usable ==> reserved
42: Nov 09 13:11:35 localhost kernel: last_pfn = 0x3f000 max_arch_pfn = 0x400000000
43: Nov 09 13:11:35 localhost kernel: esrt: Reserving ESRT space from 0x000000003ce10298 to 0x000000003ce102d0.
44: Nov 09 13:11:35 localhost kernel: e820: update [mem 0x3ce10000-0x3ce10fff] usable ==> reserved
45: Nov 09 13:11:35 localhost kernel: Using GB pages for direct mapping
46: Nov 09 13:11:35 localhost kernel: Secure boot could not be determined
47: Nov 09 13:11:35 localhost kernel: ACPI: Early table checksum verification disabled
48: Nov 09 13:11:35 localhost kernel: ACPI: RSDP 0x000000003DCB5000 000024 (v02 ALASKA)
49: Nov 09 13:11:35 localhost kernel: ACPI: XSDT 0x000000003DCB5098 0000B4 (v01 ALASKA A M I    01072009 AMI  00010013)
50: Nov 09 13:11:35 localhost kernel: ACPI: FACP 0x000000003DCBD398 000114 (v06 ALASKA A M I    01072009 AMI  00010013)
51: Nov 09 13:11:35 localhost kernel: ACPI: DSDT 0x000000003DCB51E8 0081AA (v02 ALASKA A M I    01072009 INTL 20120913)
52: Nov 09 13:11:35 localhost kernel: ACPI: FACS 0x000000003DD1ED80 000040
53: Nov 09 13:11:35 localhost kernel: ACPI: APIC 0x000000003DCBD4B0 0000DE (v03 ALASKA A M I    01072009 AMI  00010013)
54: Nov 09 13:11:35 localhost kernel: ACPI: FPDT 0x000000003DCBD590 000044 (v01 ALASKA A M I    01072009 AMI  00010013)
55: Nov 09 13:11:35 localhost kernel: ACPI: FIDT 0x000000003DCBD5D8 00009C (v01 ALASKA A M I    01072009 AMI  00010013)
56: Nov 09 13:11:35 localhost kernel: ACPI: SSDT 0x000000003DCBD678 005419 (v02 AMD    AmdTable 00000002 MSFT 02000002)
57: Nov 09 13:11:35 localhost kernel: ACPI: MCFG 0x000000003DCC2A98 00003C (v01 ALASKA A M I    01072009 MSFT 00010013)
58: Nov 09 13:11:35 localhost kernel: ACPI: HPET 0x000000003DCC2AD8 000038 (v01 ALASKA A M I    01072009 AMI  00000005)
59: Nov 09 13:11:35 localhost kernel: ACPI: UEFI 0x000000003DCC2B10 000042 (v01 ALASKA A M I    00000002      01000013)
60: Nov 09 13:11:35 localhost kernel: ACPI: VFCT 0x000000003DCC2B58 00D484 (v01 ALASKA A M I    00000001 AMD  31504F47)
61: Nov 09 13:11:35 localhost kernel: ACPI: BGRT 0x000000003DCCFFE0 000038 (v01 ALASKA A M I    01072009 AMI  00010013)
62: Nov 09 13:11:35 localhost kernel: ACPI: CRAT 0x000000003DCD0018 000810 (v01 AMD    AMD CRAT 00000001 AMD  00000001)
63: Nov 09 13:11:35 localhost kernel: ACPI: CDIT 0x000000003DCD0828 000029 (v01 AMD    AMD CDIT 00000001 AMD  00000001)
64: Nov 09 13:11:35 localhost kernel: ACPI: SSDT 0x000000003DCD0858 000C77 (v01 AMD    AmdTable 00000001 INTL 20120913)
65: Nov 09 13:11:35 localhost kernel: ACPI: SSDT 0x000000003DCD14D0 0010A5 (v01 AMD    AmdTable 00000001 INTL 20120913)
66: Nov 09 13:11:35 localhost kernel: ACPI: SSDT 0x000000003DCD2578 002369 (v01 AMD    AmdTable 00000001 INTL 20120913)
67: Nov 09 13:11:35 localhost kernel: ACPI: SSDT 0x000000003DCD48E8 000E0C (v01 AMD    AMD CPU  00000001 AMD  00000001)
68: Nov 09 13:11:35 localhost kernel: ACPI: WSMT 0x000000003DCD56F8 000028 (v01 ALASKA A M I    01072009 AMI  00010013)
69: Nov 09 13:11:35 localhost kernel: ACPI: SSDT 0x000000003DCD5720 0002FE (v01 AMD    AmdTable 00000001 INTL 20120913)
70: Nov 09 13:11:35 localhost kernel: ACPI: Reserving FACP table memory at [mem 0x3dcbd398-0x3dcbd4ab]
71: Nov 09 13:11:35 localhost kernel: ACPI: Reserving DSDT table memory at [mem 0x3dcb51e8-0x3dcbd391]
72: Nov 09 13:11:35 localhost kernel: ACPI: Reserving FACS table memory at [mem 0x3dd1ed80-0x3dd1edbf]
73: Nov 09 13:11:35 localhost kernel: ACPI: Reserving APIC table memory at [mem 0x3dcbd4b0-0x3dcbd58d]
74: Nov 09 13:11:35 localhost kernel: ACPI: Reserving FPDT table memory at [mem 0x3dcbd590-0x3dcbd5d3]
75: Nov 09 13:11:35 localhost kernel: ACPI: Reserving FIDT table memory at [mem 0x3dcbd5d8-0x3dcbd673]
76: Nov 09 13:11:35 localhost kernel: ACPI: Reserving SSDT table memory at [mem 0x3dcbd678-0x3dcc2a90]
77: Nov 09 13:11:35 localhost kernel: ACPI: Reserving MCFG table memory at [mem 0x3dcc2a98-0x3dcc2ad3]
78: Nov 09 13:11:35 localhost kernel: ACPI: Reserving HPET table memory at [mem 0x3dcc2ad8-0x3dcc2b0f]
79: Nov 09 13:11:35 localhost kernel: ACPI: Reserving UEFI table memory at [mem 0x3dcc2b10-0x3dcc2b51]
80: Nov 09 13:11:35 localhost kernel: ACPI: Reserving VFCT table memory at [mem 0x3dcc2b58-0x3dccffdb]
81: Nov 09 13:11:35 localhost kernel: ACPI: Reserving BGRT table memory at [mem 0x3dccffe0-0x3dcd0017]
82: Nov 09 13:11:35 localhost kernel: ACPI: Reserving CRAT table memory at [mem 0x3dcd0018-0x3dcd0827]
83: Nov 09 13:11:35 localhost kernel: ACPI: Reserving CDIT table memory at [mem 0x3dcd0828-0x3dcd0850]
84: Nov 09 13:11:35 localhost kernel: ACPI: Reserving SSDT table memory at [mem 0x3dcd0858-0x3dcd14ce]
85: Nov 09 13:11:35 localhost kernel: ACPI: Reserving SSDT table memory at [mem 0x3dcd14d0-0x3dcd2574]
86: Nov 09 13:11:35 localhost kernel: ACPI: Reserving SSDT table memory at [mem 0x3dcd2578-0x3dcd48e0]
87: Nov 09 13:11:35 localhost kernel: ACPI: Reserving SSDT table memory at [mem 0x3dcd48e8-0x3dcd56f3]
88: Nov 09 13:11:35 localhost kernel: ACPI: Reserving WSMT table memory at [mem 0x3dcd56f8-0x3dcd571f]
89: Nov 09 13:11:35 localhost kernel: ACPI: Reserving SSDT table memory at [mem 0x3dcd5720-0x3dcd5a1d]
90: Nov 09 13:11:35 localhost kernel: Zone ranges:
91: Nov 09 13:11:35 localhost kernel:   DMA      [mem 0x0000000000001000-0x0000000000ffffff]
92: Nov 09 13:11:35 localhost kernel:   DMA32    [mem 0x0000000001000000-0x00000000ffffffff]
93: Nov 09 13:11:35 localhost kernel:   Normal   [mem 0x0000000100000000-0x00000004bf33ffff]
94: Nov 09 13:11:35 localhost kernel: Movable zone start for each node
95: Nov 09 13:11:35 localhost kernel: Early memory node ranges
96: Nov 09 13:11:35 localhost kernel:   node   0: [mem 0x0000000000001000-0x000000000009ffff]
97: Nov 09 13:11:35 localhost kernel:   node   0: [mem 0x0000000000100000-0x0000000009601fff]
98: Nov 09 13:11:35 localhost kernel:   node   0: [mem 0x0000000009800000-0x000000000a1fffff]
99: Nov 09 13:11:35 localhost kernel:   node   0: [mem 0x000000000a20b000-0x000000003d5ebfff]
100: Nov 09 13:11:35 localhost kernel:   node   0: [mem 0x000000003d70a000-0x000000003d8a9fff]
101: Nov 09 13:11:35 localhost kernel:   node   0: [mem 0x000000003e560000-0x000000003effffff]
102: Nov 09 13:11:35 localhost kernel:   node   0: [mem 0x0000000100000000-0x000000047effffff]
103: Nov 09 13:11:35 localhost kernel:   node   0: [mem 0x00000004bf000000-0x00000004bf33ffff]
104: Nov 09 13:11:35 localhost kernel: Initmem setup node 0 [mem 0x0000000000001000-0x00000004bf33ffff]
105: Nov 09 13:11:35 localhost kernel: On node 0, zone DMA: 1 pages in unavailable ranges
106: Nov 09 13:11:35 localhost kernel: On node 0, zone DMA: 96 pages in unavailable ranges
107: Nov 09 13:11:35 localhost kernel: On node 0, zone DMA32: 510 pages in unavailable ranges
108: Nov 09 13:11:35 localhost kernel: On node 0, zone DMA32: 11 pages in unavailable ranges
109: Nov 09 13:11:35 localhost kernel: On node 0, zone DMA32: 286 pages in unavailable ranges
110: Nov 09 13:11:35 localhost kernel: On node 0, zone DMA32: 3254 pages in unavailable ranges
111: Nov 09 13:11:35 localhost kernel: On node 0, zone Normal: 4096 pages in unavailable ranges
112: Nov 09 13:11:35 localhost kernel: On node 0, zone Normal: 32768 pages in unavailable ranges
113: Nov 09 13:11:35 localhost kernel: On node 0, zone Normal: 3264 pages in unavailable ranges
114: Nov 09 13:11:35 localhost kernel: ACPI: PM-Timer IO Port: 0x808
115: Nov 09 13:11:35 localhost kernel: ACPI: LAPIC_NMI (acpi_id[0xff] high edge lint[0x1])
116: Nov 09 13:11:35 localhost kernel: IOAPIC[0]: apic_id 9, version 33, address 0xfec00000, GSI 0-23
117: Nov 09 13:11:35 localhost kernel: IOAPIC[1]: apic_id 10, version 33, address 0xfec01000, GSI 24-55
118: Nov 09 13:11:35 localhost kernel: ACPI: INT_SRC_OVR (bus 0 bus_irq 0 global_irq 2 dfl dfl)
119: Nov 09 13:11:35 localhost kernel: ACPI: INT_SRC_OVR (bus 0 bus_irq 9 global_irq 9 low level)
120: Nov 09 13:11:35 localhost kernel: ACPI: Using ACPI (MADT) for SMP configuration information
121: Nov 09 13:11:35 localhost kernel: ACPI: HPET id: 0x10228201 base: 0xfed00000
122: Nov 09 13:11:35 localhost kernel: smpboot: Allowing 16 CPUs, 8 hotplug CPUs
123: Nov 09 13:11:35 localhost kernel: [mem 0x40000000-0xf7ffffff] available for PCI devices
124: Nov 09 13:11:35 localhost kernel: Booting paravirtualized kernel on bare hardware
125: Nov 09 13:11:35 localhost kernel: clocksource: refined-jiffies: mask: 0xffffffff max_cycles: 0xffffffff, max_idle_ns: 1910969940391419 ns
126: Nov 09 13:11:35 localhost kernel: setup_percpu: NR_CPUS:64 nr_cpumask_bits:64 nr_cpu_ids:16 nr_node_ids:1
127: Nov 09 13:11:35 localhost kernel: percpu: Embedded 54 pages/cpu s180504 r8192 d32488 u262144
128: Nov 09 13:11:35 localhost kernel: pcpu-alloc: s180504 r8192 d32488 u262144 alloc=1*2097152
129: Nov 09 13:11:35 localhost kernel: pcpu-alloc: [0] 00 01 02 03 04 05 06 07 [0] 08 09 10 11 12 13 14 15 
130: Nov 09 13:11:35 localhost kernel: Built 1 zonelists, mobility grouping on.  Total pages: 3859221
131: Nov 09 13:11:35 localhost kernel: Kernel command line: BOOT_IMAGE=/boot/vmlinuz root=/dev/sda2 video=eDP-1:d ro
132: Nov 09 13:11:35 localhost kernel: Unknown kernel command line parameters "BOOT_IMAGE=/boot/vmlinuz", will be passed to user space.
133: Nov 09 13:11:35 localhost kernel: Dentry cache hash table entries: 2097152 (order: 12, 16777216 bytes, linear)
134: Nov 09 13:11:35 localhost kernel: Inode-cache hash table entries: 1048576 (order: 11, 8388608 bytes, linear)
135: Nov 09 13:11:35 localhost kernel: mem auto-init: stack:off, heap alloc:on, heap free:off
136: Nov 09 13:11:35 localhost kernel: Memory: 15183700K/15682568K available (16394K kernel code, 2233K rwdata, 3844K rodata, 59100K init, 1996K bss, 498608K reserved, 0K cma-reserved)
137: Nov 09 13:11:35 localhost kernel: SLUB: HWalign=64, Order=0-3, MinObjects=0, CPUs=16, Nodes=1
138: Nov 09 13:11:35 localhost kernel: ftrace: allocating 47259 entries in 185 pages
139: Nov 09 13:11:35 localhost kernel: ftrace: allocated 185 pages with 5 groups
140: Nov 09 13:11:35 localhost kernel: rcu: Preemptible hierarchical RCU implementation.
141: Nov 09 13:11:35 localhost kernel: rcu:         RCU restricting CPUs from NR_CPUS=64 to nr_cpu_ids=16.
142: Nov 09 13:11:35 localhost kernel:         Trampoline variant of Tasks RCU enabled.
143: Nov 09 13:11:35 localhost kernel:         Rude variant of Tasks RCU enabled.
144: Nov 09 13:11:35 localhost kernel:         Tracing variant of Tasks RCU enabled.
145: Nov 09 13:11:35 localhost kernel: rcu: RCU calculated value of scheduler-enlistment delay is 100 jiffies.
146: Nov 09 13:11:35 localhost kernel: rcu: Adjusting geometry for rcu_fanout_leaf=16, nr_cpu_ids=16
147: Nov 09 13:11:35 localhost kernel: NR_IRQS: 4352, nr_irqs: 1096, preallocated irqs: 16
148: Nov 09 13:11:35 localhost kernel: rcu:         Offload RCU callbacks from CPUs: (none).
149: Nov 09 13:11:35 localhost kernel: Console: colour dummy device 80x25
150: Nov 09 13:11:35 localhost kernel: printk: console [tty0] enabled
151: Nov 09 13:11:35 localhost kernel: ACPI: Core revision 20210730
152: Nov 09 13:11:35 localhost kernel: clocksource: hpet: mask: 0xffffffff max_cycles: 0xffffffff, max_idle_ns: 133484873504 ns
153: Nov 09 13:11:35 localhost kernel: APIC: Switch to symmetric I/O mode setup
154: Nov 09 13:11:35 localhost kernel: Switched APIC routing to physical flat.
155: Nov 09 13:11:35 localhost kernel: ..TIMER: vector=0x30 apic1=0 pin1=2 apic2=-1 pin2=-1
156: Nov 09 13:11:35 localhost kernel: clocksource: tsc-early: mask: 0xffffffffffffffff max_cycles: 0x2ec302a148e, max_idle_ns: 440795295306 ns
157: Nov 09 13:11:35 localhost kernel: Calibrating delay loop (skipped), value calculated using timer frequency.. 6488.19 BogoMIPS (lpj=3244097)
158: Nov 09 13:11:35 localhost kernel: pid_max: default: 32768 minimum: 301
159: Nov 09 13:11:35 localhost kernel: Mount-cache hash table entries: 32768 (order: 6, 262144 bytes, linear)
160: Nov 09 13:11:35 localhost kernel: Mountpoint-cache hash table entries: 32768 (order: 6, 262144 bytes, linear)
161: Nov 09 13:11:35 localhost kernel: LVT offset 1 assigned for vector 0xf9
162: Nov 09 13:11:35 localhost kernel: LVT offset 2 assigned for vector 0xf4
163: Nov 09 13:11:35 localhost kernel: Last level iTLB entries: 4KB 1024, 2MB 1024, 4MB 512
164: Nov 09 13:11:35 localhost kernel: Last level dTLB entries: 4KB 1536, 2MB 1536, 4MB 768, 1GB 0
165: Nov 09 13:11:35 localhost kernel: Spectre V1 : Mitigation: usercopy/swapgs barriers and __user pointer sanitization
166: Nov 09 13:11:35 localhost kernel: Spectre V2 : Kernel not compiled with retpoline; no mitigation available!
167: Nov 09 13:11:35 localhost kernel: Spectre V2 : Vulnerable
168: Nov 09 13:11:35 localhost kernel: Spectre V2 : Spectre v2 / SpectreRSB mitigation: Filling RSB on context switch
169: Nov 09 13:11:35 localhost kernel: Spectre V2 : Enabling Speculation Barrier for firmware calls
170: Nov 09 13:11:35 localhost kernel: RETBleed: Vulnerable
171: Nov 09 13:11:35 localhost kernel: Spectre V2 : mitigation: Enabling conditional Indirect Branch Prediction Barrier
172: Nov 09 13:11:35 localhost kernel: Speculative Store Bypass: Mitigation: Speculative Store Bypass disabled via prctl and seccomp
173: Nov 09 13:11:35 localhost kernel: Freeing SMP alternatives memory: 44K
174: Nov 09 13:11:35 localhost kernel: smpboot: CPU0: AMD Ryzen Embedded V1756B with Radeon Vega Gfx (family: 0x17, model: 0x11, stepping: 0x0)
175: Nov 09 13:11:35 localhost kernel: Performance Events: Fam17h+ core perfctr, AMD PMU driver.
176: Nov 09 13:11:35 localhost kernel: ... version:                0
177: Nov 09 13:11:35 localhost kernel: ... bit width:              48
178: Nov 09 13:11:35 localhost kernel: ... generic registers:      6
179: Nov 09 13:11:35 localhost kernel: ... value mask:             0000ffffffffffff
180: Nov 09 13:11:35 localhost kernel: ... max period:             00007fffffffffff
181: Nov 09 13:11:35 localhost kernel: ... fixed-purpose events:   0
182: Nov 09 13:11:35 localhost kernel: ... event mask:             000000000000003f
183: Nov 09 13:11:35 localhost kernel: rcu: Hierarchical SRCU implementation.
184: Nov 09 13:11:35 localhost kernel: smp: Bringing up secondary CPUs ...
185: Nov 09 13:11:35 localhost kernel: x86: Booting SMP configuration:
186: Nov 09 13:11:35 localhost kernel: .... node  #0, CPUs:        #1  #2  #3  #4  #5  #6  #7
187: Nov 09 13:11:35 localhost kernel: smp: Brought up 1 node, 8 CPUs
188: Nov 09 13:11:35 localhost kernel: smpboot: Max logical packages: 2
189: Nov 09 13:11:35 localhost kernel: smpboot: Total of 8 processors activated (51905.55 BogoMIPS)
190: Nov 09 13:11:35 localhost kernel: devtmpfs: initialized
191: Nov 09 13:11:35 localhost kernel: ACPI: PM: Registering ACPI NVS region [mem 0x0a200000-0x0a20afff] (45056 bytes)
192: Nov 09 13:11:35 localhost kernel: ACPI: PM: Registering ACPI NVS region [mem 0x3d8aa000-0x3dd35fff] (4767744 bytes)
193: Nov 09 13:11:35 localhost kernel: clocksource: jiffies: mask: 0xffffffff max_cycles: 0xffffffff, max_idle_ns: 1911260446275000 ns
194: Nov 09 13:11:35 localhost kernel: futex hash table entries: 4096 (order: 6, 262144 bytes, linear)
195: Nov 09 13:11:35 localhost kernel: NET: Registered PF_NETLINK/PF_ROUTE protocol family
196: Nov 09 13:11:35 localhost kernel: audit: initializing netlink subsys (disabled)
197: Nov 09 13:11:35 localhost kernel: audit: type=2000 audit(1699535493.145:1): state=initialized audit_enabled=0 res=1
198: Nov 09 13:11:35 localhost kernel: thermal_sys: Registered thermal governor 'step_wise'
199: Nov 09 13:11:35 localhost kernel: thermal_sys: Registered thermal governor 'user_space'
200: Nov 09 13:11:35 localhost kernel: cpuidle: using governor menu
201: Nov 09 13:11:35 localhost kernel: ACPI: bus type PCI registered
202: Nov 09 13:11:35 localhost kernel: PCI: MMCONFIG for domain 0000 [bus 00-3f] at [mem 0xf8000000-0xfbffffff] (base 0xf8000000)
203: Nov 09 13:11:35 localhost kernel: PCI: MMCONFIG at [mem 0xf8000000-0xfbffffff] reserved in E820
204: Nov 09 13:11:35 localhost kernel: PCI: Using configuration type 1 for base access
205: Nov 09 13:11:35 localhost kernel: Kprobes globally optimized
206: Nov 09 13:11:35 localhost kernel: raid6: skip pq benchmark and using algorithm avx2x4
207: Nov 09 13:11:35 localhost kernel: raid6: using avx2x2 recovery algorithm
208: Nov 09 13:11:35 localhost kernel: ACPI: Added _OSI(Module Device)
209: Nov 09 13:11:35 localhost kernel: ACPI: Added _OSI(Processor Device)
210: Nov 09 13:11:35 localhost kernel: ACPI: Added _OSI(3.0 _SCP Extensions)
211: Nov 09 13:11:35 localhost kernel: ACPI: Added _OSI(Processor Aggregator Device)
212: Nov 09 13:11:35 localhost kernel: ACPI: Added _OSI(Linux-Dell-Video)
213: Nov 09 13:11:35 localhost kernel: ACPI: Added _OSI(Linux-Lenovo-NV-HDMI-Audio)
214: Nov 09 13:11:35 localhost kernel: ACPI: Added _OSI(Linux-HPI-Hybrid-Graphics)
215: Nov 09 13:11:35 localhost kernel: ACPI: 7 ACPI AML tables successfully acquired and loaded
216: Nov 09 13:11:35 localhost kernel: ACPI: [Firmware Bug]: BIOS _OSI(Linux) query ignored
217: Nov 09 13:11:35 localhost kernel: ACPI: Interpreter enabled
218: Nov 09 13:11:35 localhost kernel: ACPI: PM: (supports S0 S3 S5)
219: Nov 09 13:11:35 localhost kernel: ACPI: Using IOAPIC for interrupt routing
220: Nov 09 13:11:35 localhost kernel: PCI: Using host bridge windows from ACPI; if necessary, use "pci=nocrs" and report a bug
221: Nov 09 13:11:35 localhost kernel: ACPI: Enabled 2 GPEs in block 00 to 1F
222: Nov 09 13:11:35 localhost kernel: ACPI: PM: Power Resource [P0ST]
223: Nov 09 13:11:35 localhost kernel: ACPI: PM: Power Resource [P3ST]
224: Nov 09 13:11:35 localhost kernel: ACPI: PCI Root Bridge [PCI0] (domain 0000 [bus 00-ff])
225: Nov 09 13:11:35 localhost kernel: acpi PNP0A08:00: _OSC: OS supports [ExtendedConfig ASPM ClockPM Segments MSI HPX-Type3]
226: Nov 09 13:11:35 localhost kernel: acpi PNP0A08:00: _OSC: platform does not support [LTR]
227: Nov 09 13:11:35 localhost kernel: acpi PNP0A08:00: _OSC: OS now controls [PME AER PCIeCapability]
228: Nov 09 13:11:35 localhost kernel: acpi PNP0A08:00: [Firmware Info]: MMCONFIG for domain 0000 [bus 00-3f] only partially covers this bridge
229: Nov 09 13:11:35 localhost kernel: PCI host bridge to bus 0000:00
230: Nov 09 13:11:35 localhost kernel: pci_bus 0000:00: root bus resource [io  0x0000-0x03af window]
231: Nov 09 13:11:35 localhost kernel: pci_bus 0000:00: root bus resource [io  0x03e0-0x0cf7 window]
232: Nov 09 13:11:35 localhost kernel: pci_bus 0000:00: root bus resource [io  0x03b0-0x03df window]
233: Nov 09 13:11:35 localhost kernel: pci_bus 0000:00: root bus resource [io  0x0d00-0xffff window]
234: Nov 09 13:11:35 localhost kernel: pci_bus 0000:00: root bus resource [mem 0x000a0000-0x000bffff window]
235: Nov 09 13:11:35 localhost kernel: pci_bus 0000:00: root bus resource [mem 0x000c0000-0x000dffff window]
236: Nov 09 13:11:35 localhost kernel: pci_bus 0000:00: root bus resource [mem 0x40000000-0xfebfffff window]
237: Nov 09 13:11:35 localhost kernel: pci_bus 0000:00: root bus resource [mem 0xfee00000-0xffffffff window]
238: Nov 09 13:11:35 localhost kernel: pci_bus 0000:00: root bus resource [bus 00-ff]
239: Nov 09 13:11:35 localhost kernel: pci 0000:00:00.0: [1022:15d0] type 00 class 0x060000
240: Nov 09 13:11:35 localhost kernel: pci 0000:00:01.0: [1022:1452] type 00 class 0x060000
241: Nov 09 13:11:35 localhost kernel: pci 0000:00:01.1: [1022:15d3] type 01 class 0x060400
242: Nov 09 13:11:35 localhost kernel: pci 0000:00:01.1: enabling Extended Tags
243: Nov 09 13:11:35 localhost kernel: pci 0000:00:01.1: PME# supported from D0 D3hot D3cold
244: Nov 09 13:11:35 localhost kernel: pci 0000:00:01.3: [1022:15d3] type 01 class 0x060400
245: Nov 09 13:11:35 localhost kernel: pci 0000:00:01.3: enabling Extended Tags
246: Nov 09 13:11:35 localhost kernel: pci 0000:00:01.3: PME# supported from D0 D3hot D3cold
247: Nov 09 13:11:35 localhost kernel: pci 0000:00:01.5: [1022:15d3] type 01 class 0x060400
248: Nov 09 13:11:35 localhost kernel: pci 0000:00:01.5: PME# supported from D0 D3hot D3cold
249: Nov 09 13:11:35 localhost kernel: pci 0000:00:08.0: [1022:1452] type 00 class 0x060000
250: Nov 09 13:11:35 localhost kernel: pci 0000:00:08.1: [1022:15db] type 01 class 0x060400
251: Nov 09 13:11:35 localhost kernel: pci 0000:00:08.1: enabling Extended Tags
252: Nov 09 13:11:35 localhost kernel: pci 0000:00:08.1: PME# supported from D0 D3hot D3cold
253: Nov 09 13:11:35 localhost kernel: pci 0000:00:08.2: [1022:15dc] type 01 class 0x060400
254: Nov 09 13:11:35 localhost kernel: pci 0000:00:08.2: enabling Extended Tags
255: Nov 09 13:11:35 localhost kernel: pci 0000:00:08.2: PME# supported from D0 D3hot D3cold
256: Nov 09 13:11:35 localhost kernel: pci 0000:00:14.0: [1022:790b] type 00 class 0x0c0500
257: Nov 09 13:11:35 localhost kernel: pci 0000:00:14.3: [1022:790e] type 00 class 0x060100
258: Nov 09 13:11:35 localhost kernel: pci 0000:00:18.0: [1022:15e8] type 00 class 0x060000
259: Nov 09 13:11:35 localhost kernel: pci 0000:00:18.1: [1022:15e9] type 00 class 0x060000
260: Nov 09 13:11:35 localhost kernel: pci 0000:00:18.2: [1022:15ea] type 00 class 0x060000
261: Nov 09 13:11:35 localhost kernel: pci 0000:00:18.3: [1022:15eb] type 00 class 0x060000
262: Nov 09 13:11:35 localhost kernel: pci 0000:00:18.4: [1022:15ec] type 00 class 0x060000
263: Nov 09 13:11:35 localhost kernel: pci 0000:00:18.5: [1022:15ed] type 00 class 0x060000
264: Nov 09 13:11:35 localhost kernel: pci 0000:00:18.6: [1022:15ee] type 00 class 0x060000
265: Nov 09 13:11:35 localhost kernel: pci 0000:00:18.7: [1022:15ef] type 00 class 0x060000
266: Nov 09 13:11:35 localhost kernel: pci 0000:01:00.0: [11f8:8563] type 01 class 0x060400
267: Nov 09 13:11:35 localhost kernel: pci 0000:01:00.0: enabling Extended Tags
268: Nov 09 13:11:35 localhost kernel: pci 0000:01:00.0: PME# supported from D0 D3hot D3cold
269: Nov 09 13:11:35 localhost kernel: pci 0000:01:00.0: 63.008 Gb/s available PCIe bandwidth, limited by 8.0 GT/s PCIe x8 link at 0000:00:01.1 (capable of 126.016 Gb/s with 8.0 GT/s PCIe x16 link)
270: Nov 09 13:11:35 localhost kernel: pci 0000:01:00.1: [11f8:8563] type 00 class 0x058000
271: Nov 09 13:11:35 localhost kernel: pci 0000:01:00.1: reg 0x10: [mem 0x78c00000-0x78ffffff 64bit pref]
272: Nov 09 13:11:35 localhost kernel: pci 0000:01:00.1: enabling Extended Tags
273: Nov 09 13:11:35 localhost kernel: pci 0000:01:00.1: PME# supported from D0 D3hot D3cold
274: Nov 09 13:11:35 localhost kernel: pci 0000:00:01.1: PCI bridge to [bus 01-0c]
275: Nov 09 13:11:35 localhost kernel: pci 0000:00:01.1:   bridge window [mem 0x80000000-0xf21fffff]
276: Nov 09 13:11:35 localhost kernel: pci 0000:00:01.1:   bridge window [mem 0x54000000-0x78ffffff 64bit pref]
277: Nov 09 13:11:35 localhost kernel: pci 0000:02:00.0: [11f8:8563] type 01 class 0x060400
278: Nov 09 13:11:35 localhost kernel: pci 0000:02:00.0: enabling Extended Tags
279: Nov 09 13:11:35 localhost kernel: pci 0000:02:00.0: PME# supported from D0 D3hot D3cold
280: Nov 09 13:11:35 localhost kernel: pci 0000:02:01.0: [11f8:8563] type 01 class 0x060400
281: Nov 09 13:11:35 localhost kernel: pci 0000:02:01.0: enabling Extended Tags
282: Nov 09 13:11:35 localhost kernel: pci 0000:02:01.0: PME# supported from D0 D3hot D3cold
283: Nov 09 13:11:35 localhost kernel: pci 0000:02:02.0: [11f8:8563] type 01 class 0x060400
284: Nov 09 13:11:35 localhost kernel: pci 0000:02:02.0: enabling Extended Tags
285: Nov 09 13:11:35 localhost kernel: pci 0000:02:02.0: PME# supported from D0 D3hot D3cold
286: Nov 09 13:11:35 localhost kernel: pci 0000:02:03.0: [11f8:8563] type 01 class 0x060400
287: Nov 09 13:11:35 localhost kernel: pci 0000:02:03.0: enabling Extended Tags
288: Nov 09 13:11:35 localhost kernel: pci 0000:02:03.0: PME# supported from D0 D3hot D3cold
289: Nov 09 13:11:35 localhost kernel: pci 0000:02:04.0: [11f8:8563] type 01 class 0x060400
290: Nov 09 13:11:35 localhost kernel: pci 0000:02:04.0: enabling Extended Tags
291: Nov 09 13:11:35 localhost kernel: pci 0000:02:04.0: PME# supported from D0 D3hot D3cold
292: Nov 09 13:11:35 localhost kernel: pci 0000:02:05.0: [11f8:8563] type 01 class 0x060400
293: Nov 09 13:11:35 localhost kernel: pci 0000:02:05.0: enabling Extended Tags
294: Nov 09 13:11:35 localhost kernel: pci 0000:02:05.0: PME# supported from D0 D3hot D3cold
295: Nov 09 13:11:35 localhost kernel: pci 0000:02:06.0: [11f8:8563] type 01 class 0x060400
296: Nov 09 13:11:35 localhost kernel: pci 0000:02:06.0: enabling Extended Tags
297: Nov 09 13:11:35 localhost kernel: pci 0000:02:06.0: PME# supported from D0 D3hot D3cold
298: Nov 09 13:11:35 localhost kernel: pci 0000:02:07.0: [11f8:8563] type 01 class 0x060400
299: Nov 09 13:11:35 localhost kernel: pci 0000:02:07.0: enabling Extended Tags
300: Nov 09 13:11:35 localhost kernel: pci 0000:02:07.0: PME# supported from D0 D3hot D3cold
301: Nov 09 13:11:35 localhost kernel: pci 0000:02:08.0: [11f8:8563] type 01 class 0x060400
302: Nov 09 13:11:35 localhost kernel: pci 0000:02:08.0: enabling Extended Tags
303: Nov 09 13:11:35 localhost kernel: pci 0000:02:08.0: PME# supported from D0 D3hot D3cold
304: Nov 09 13:11:35 localhost kernel: pci 0000:02:09.0: [11f8:8563] type 01 class 0x060400
305: Nov 09 13:11:35 localhost kernel: pci 0000:02:09.0: enabling Extended Tags
306: Nov 09 13:11:35 localhost kernel: pci 0000:02:09.0: PME# supported from D0 D3hot D3cold
307: Nov 09 13:11:35 localhost kernel: pci 0000:01:00.0: PCI bridge to [bus 02-0c]
308: Nov 09 13:11:35 localhost kernel: pci 0000:01:00.0:   bridge window [mem 0x80000000-0xf21fffff]
309: Nov 09 13:11:35 localhost kernel: pci 0000:01:00.0:   bridge window [mem 0x54000000-0x788fffff 64bit pref]
310: Nov 09 13:11:35 localhost kernel: pci 0000:03:00.0: [162f:14a5] type 00 class 0x058000
311: Nov 09 13:11:35 localhost kernel: pci 0000:03:00.0: reg 0x10: [mem 0x74000000-0x77ffffff 64bit pref]
312: Nov 09 13:11:35 localhost kernel: pci 0000:03:00.0: reg 0x18: [mem 0x70000000-0x73ffffff 64bit pref]
313: Nov 09 13:11:35 localhost kernel: pci 0000:03:00.0: reg 0x20: [mem 0x6c000000-0x6fffffff 64bit pref]
314: Nov 09 13:11:35 localhost kernel: pci 0000:03:00.0: PME# supported from D0 D1 D2 D3hot
315: Nov 09 13:11:35 localhost kernel: pci 0000:02:00.0: PCI bridge to [bus 03]
316: Nov 09 13:11:35 localhost kernel: pci 0000:02:00.0:   bridge window [mem 0x6c000000-0x77ffffff 64bit pref]
317: Nov 09 13:11:35 localhost kernel: pci 0000:04:00.0: [162f:14a5] type 00 class 0x058000
318: Nov 09 13:11:35 localhost kernel: pci 0000:04:00.0: reg 0x10: [mem 0x68000000-0x6bffffff 64bit pref]
319: Nov 09 13:11:35 localhost kernel: pci 0000:04:00.0: reg 0x18: [mem 0x64000000-0x67ffffff 64bit pref]
320: Nov 09 13:11:35 localhost kernel: pci 0000:04:00.0: reg 0x20: [mem 0x60000000-0x63ffffff 64bit pref]
321: Nov 09 13:11:35 localhost kernel: pci 0000:04:00.0: PME# supported from D0 D1 D2 D3hot
322: Nov 09 13:11:35 localhost kernel: pci 0000:02:01.0: PCI bridge to [bus 04]
323: Nov 09 13:11:35 localhost kernel: pci 0000:02:01.0:   bridge window [mem 0x60000000-0x6bffffff 64bit pref]
324: Nov 09 13:11:35 localhost kernel: pci 0000:05:00.0: [162f:14aa] type 00 class 0x058000
325: Nov 09 13:11:35 localhost kernel: pci 0000:05:00.0: reg 0x10: [mem 0xf1000000-0xf1ffffff 64bit]
326: Nov 09 13:11:35 localhost kernel: pci 0000:05:00.0: reg 0x18: [mem 0xe0000000-0xefffffff 64bit]
327: Nov 09 13:11:35 localhost kernel: pci 0000:05:00.0: reg 0x20: [mem 0xf0000000-0xf0ffffff 64bit]
328: Nov 09 13:11:35 localhost kernel: pci 0000:05:00.0: enabling Extended Tags
329: Nov 09 13:11:35 localhost kernel: pci 0000:05:00.0: 31.504 Gb/s available PCIe bandwidth, limited by 8.0 GT/s PCIe x4 link at 0000:02:02.0 (capable of 63.008 Gb/s with 8.0 GT/s PCIe x8 link)
330: Nov 09 13:11:35 localhost kernel: pci 0000:02:02.0: PCI bridge to [bus 05]
331: Nov 09 13:11:35 localhost kernel: pci 0000:02:02.0:   bridge window [mem 0xe0000000-0xf1ffffff]
332: Nov 09 13:11:35 localhost kernel: pci 0000:06:00.0: [162f:14a5] type 00 class 0x058000
333: Nov 09 13:11:35 localhost kernel: pci 0000:06:00.0: reg 0x10: [mem 0x5c000000-0x5fffffff 64bit pref]
334: Nov 09 13:11:35 localhost kernel: pci 0000:06:00.0: reg 0x18: [mem 0x58000000-0x5bffffff 64bit pref]
335: Nov 09 13:11:35 localhost kernel: pci 0000:06:00.0: reg 0x20: [mem 0x54000000-0x57ffffff 64bit pref]
336: Nov 09 13:11:35 localhost kernel: pci 0000:06:00.0: PME# supported from D0 D1 D2 D3hot
337: Nov 09 13:11:35 localhost kernel: pci 0000:02:03.0: PCI bridge to [bus 06]
338: Nov 09 13:11:35 localhost kernel: pci 0000:02:03.0:   bridge window [mem 0x54000000-0x5fffffff 64bit pref]
339: Nov 09 13:11:35 localhost kernel: pci 0000:07:00.0: [162f:14aa] type 00 class 0x058000
340: Nov 09 13:11:35 localhost kernel: pci 0000:07:00.0: reg 0x10: [mem 0xd1000000-0xd1ffffff 64bit]
341: Nov 09 13:11:35 localhost kernel: pci 0000:07:00.0: reg 0x18: [mem 0xc0000000-0xcfffffff 64bit]
342: Nov 09 13:11:35 localhost kernel: pci 0000:07:00.0: reg 0x20: [mem 0xd0000000-0xd0ffffff 64bit]
343: Nov 09 13:11:35 localhost kernel: pci 0000:07:00.0: enabling Extended Tags
344: Nov 09 13:11:35 localhost kernel: pci 0000:07:00.0: 31.504 Gb/s available PCIe bandwidth, limited by 8.0 GT/s PCIe x4 link at 0000:02:04.0 (capable of 63.008 Gb/s with 8.0 GT/s PCIe x8 link)
345: Nov 09 13:11:35 localhost kernel: pci 0000:02:04.0: PCI bridge to [bus 07]
346: Nov 09 13:11:35 localhost kernel: pci 0000:02:04.0:   bridge window [mem 0xc0000000-0xd1ffffff]
347: Nov 09 13:11:35 localhost kernel: pci 0000:08:00.0: [8086:1580] type 00 class 0x020000
348: Nov 09 13:11:35 localhost kernel: pci 0000:08:00.0: reg 0x10: [mem 0x78000000-0x787fffff 64bit pref]
349: Nov 09 13:11:35 localhost kernel: pci 0000:08:00.0: reg 0x1c: [mem 0x78800000-0x78807fff 64bit pref]
350: Nov 09 13:11:35 localhost kernel: pci 0000:08:00.0: reg 0x30: [mem 0xf2100000-0xf217ffff pref]
351: Nov 09 13:11:35 localhost kernel: pci 0000:08:00.0: enabling Extended Tags
352: Nov 09 13:11:35 localhost kernel: pci 0000:08:00.0: PME# supported from D0 D3hot
353: Nov 09 13:11:35 localhost kernel: pci 0000:08:00.0: reg 0x184: [mem 0x00000000-0x0000ffff 64bit pref]
354: Nov 09 13:11:35 localhost kernel: pci 0000:08:00.0: VF(n) BAR0 space: [mem 0x00000000-0x007fffff 64bit pref] (contains BAR0 for 128 VFs)
355: Nov 09 13:11:35 localhost kernel: pci 0000:08:00.0: reg 0x190: [mem 0x00000000-0x00003fff 64bit pref]
356: Nov 09 13:11:35 localhost kernel: pci 0000:08:00.0: VF(n) BAR3 space: [mem 0x00000000-0x001fffff 64bit pref] (contains BAR3 for 128 VFs)
357: Nov 09 13:11:35 localhost kernel: pci 0000:02:05.0: PCI bridge to [bus 08]
358: Nov 09 13:11:35 localhost kernel: pci 0000:02:05.0:   bridge window [mem 0xf2100000-0xf21fffff]
359: Nov 09 13:11:35 localhost kernel: pci 0000:02:05.0:   bridge window [mem 0x78000000-0x788fffff 64bit pref]
360: Nov 09 13:11:35 localhost kernel: pci 0000:09:00.0: [162f:14b1] type 00 class 0x058000
361: Nov 09 13:11:35 localhost kernel: pci 0000:09:00.0: reg 0x10: [mem 0xb1000000-0xb1ffffff 64bit]
362: Nov 09 13:11:35 localhost kernel: pci 0000:09:00.0: reg 0x18: [mem 0xa0000000-0xafffffff 64bit]
363: Nov 09 13:11:35 localhost kernel: pci 0000:09:00.0: reg 0x20: [mem 0xb0000000-0xb0ffffff 64bit]
364: Nov 09 13:11:35 localhost kernel: pci 0000:09:00.0: enabling Extended Tags
365: Nov 09 13:11:35 localhost kernel: pci 0000:09:00.0: 31.504 Gb/s available PCIe bandwidth, limited by 8.0 GT/s PCIe x4 link at 0000:02:06.0 (capable of 63.008 Gb/s with 8.0 GT/s PCIe x8 link)
366: Nov 09 13:11:35 localhost kernel: pci 0000:02:06.0: PCI bridge to [bus 09]
367: Nov 09 13:11:35 localhost kernel: pci 0000:02:06.0:   bridge window [mem 0xa0000000-0xb1ffffff]
368: Nov 09 13:11:35 localhost kernel: pci 0000:0a:00.0: [162f:14b1] type 00 class 0x058000
369: Nov 09 13:11:35 localhost kernel: pci 0000:0a:00.0: reg 0x10: [mem 0x91000000-0x91ffffff 64bit]
370: Nov 09 13:11:35 localhost kernel: pci 0000:0a:00.0: reg 0x18: [mem 0x80000000-0x8fffffff 64bit]
371: Nov 09 13:11:35 localhost kernel: pci 0000:0a:00.0: reg 0x20: [mem 0x90000000-0x90ffffff 64bit]
372: Nov 09 13:11:35 localhost kernel: pci 0000:0a:00.0: enabling Extended Tags
373: Nov 09 13:11:35 localhost kernel: pci 0000:0a:00.0: 31.504 Gb/s available PCIe bandwidth, limited by 8.0 GT/s PCIe x4 link at 0000:02:07.0 (capable of 63.008 Gb/s with 8.0 GT/s PCIe x8 link)
374: Nov 09 13:11:35 localhost kernel: pci 0000:02:07.0: PCI bridge to [bus 0a]
375: Nov 09 13:11:35 localhost kernel: pci 0000:02:07.0:   bridge window [mem 0x80000000-0x91ffffff]
376: Nov 09 13:11:35 localhost kernel: pci 0000:02:08.0: PCI bridge to [bus 0b]
377: Nov 09 13:11:35 localhost kernel: pci 0000:02:09.0: PCI bridge to [bus 0c]
378: Nov 09 13:11:35 localhost kernel: pci 0000:0d:00.0: [8086:1539] type 00 class 0x020000
379: Nov 09 13:11:35 localhost kernel: pci 0000:0d:00.0: reg 0x10: [mem 0xf2900000-0xf291ffff]
380: Nov 09 13:11:35 localhost kernel: pci 0000:0d:00.0: reg 0x18: [io  0xf000-0xf01f]
381: Nov 09 13:11:35 localhost kernel: pci 0000:0d:00.0: reg 0x1c: [mem 0xf2920000-0xf2923fff]
382: Nov 09 13:11:35 localhost kernel: pci 0000:0d:00.0: PME# supported from D0 D3hot D3cold
383: Nov 09 13:11:35 localhost kernel: pci 0000:00:01.3: PCI bridge to [bus 0d]
384: Nov 09 13:11:35 localhost kernel: pci 0000:00:01.3:   bridge window [io  0xf000-0xffff]
385: Nov 09 13:11:35 localhost kernel: pci 0000:00:01.3:   bridge window [mem 0xf2900000-0xf29fffff]
386: Nov 09 13:11:35 localhost kernel: pci 0000:0e:00.0: [162f:14a4] type 00 class 0x078000
387: Nov 09 13:11:35 localhost kernel: pci 0000:0e:00.0: reg 0x10: [mem 0x79100000-0x7913ffff 64bit pref]
388: Nov 09 13:11:35 localhost kernel: pci 0000:00:01.5: PCI bridge to [bus 0e]
389: Nov 09 13:11:35 localhost kernel: pci 0000:00:01.5:   bridge window [mem 0x79100000-0x791fffff 64bit pref]
390: Nov 09 13:11:35 localhost kernel: pci 0000:0f:00.0: [1002:15dd] type 00 class 0x030000
391: Nov 09 13:11:35 localhost kernel: pci 0000:0f:00.0: reg 0x10: [mem 0x40000000-0x4fffffff 64bit pref]
392: Nov 09 13:11:35 localhost kernel: pci 0000:0f:00.0: reg 0x18: [mem 0x50000000-0x501fffff 64bit pref]
393: Nov 09 13:11:35 localhost kernel: pci 0000:0f:00.0: reg 0x20: [io  0xe000-0xe0ff]
394: Nov 09 13:11:35 localhost kernel: pci 0000:0f:00.0: reg 0x24: [mem 0xf2700000-0xf277ffff]
395: Nov 09 13:11:35 localhost kernel: pci 0000:0f:00.0: enabling Extended Tags
396: Nov 09 13:11:35 localhost kernel: pci 0000:0f:00.0: BAR 0: assigned to efifb
397: Nov 09 13:11:35 localhost kernel: pci 0000:0f:00.0: PME# supported from D1 D2 D3hot D3cold
398: Nov 09 13:11:35 localhost kernel: pci 0000:0f:00.1: [1002:15de] type 00 class 0x040300
399: Nov 09 13:11:35 localhost kernel: pci 0000:0f:00.1: reg 0x10: [mem 0xf27c8000-0xf27cbfff]
400: Nov 09 13:11:35 localhost kernel: pci 0000:0f:00.1: enabling Extended Tags
401: Nov 09 13:11:35 localhost kernel: pci 0000:0f:00.1: PME# supported from D1 D2 D3hot D3cold
402: Nov 09 13:11:35 localhost kernel: pci 0000:0f:00.2: [1022:15df] type 00 class 0x108000
403: Nov 09 13:11:35 localhost kernel: pci 0000:0f:00.2: reg 0x18: [mem 0xf2600000-0xf26fffff]
404: Nov 09 13:11:35 localhost kernel: pci 0000:0f:00.2: reg 0x24: [mem 0xf27ce000-0xf27cffff]
405: Nov 09 13:11:35 localhost kernel: pci 0000:0f:00.2: enabling Extended Tags
406: Nov 09 13:11:35 localhost kernel: pci 0000:0f:00.3: [1022:15e0] type 00 class 0x0c0330
407: Nov 09 13:11:35 localhost kernel: pci 0000:0f:00.3: reg 0x10: [mem 0xf2500000-0xf25fffff 64bit]
408: Nov 09 13:11:35 localhost kernel: pci 0000:0f:00.3: enabling Extended Tags
409: Nov 09 13:11:35 localhost kernel: pci 0000:0f:00.3: PME# supported from D0 D3hot D3cold
410: Nov 09 13:11:35 localhost kernel: pci 0000:0f:00.4: [1022:15e1] type 00 class 0x0c0330
411: Nov 09 13:11:35 localhost kernel: pci 0000:0f:00.4: reg 0x10: [mem 0xf2400000-0xf24fffff 64bit]
412: Nov 09 13:11:35 localhost kernel: pci 0000:0f:00.4: enabling Extended Tags
413: Nov 09 13:11:35 localhost kernel: pci 0000:0f:00.4: PME# supported from D0 D3hot D3cold
414: Nov 09 13:11:35 localhost kernel: pci 0000:0f:00.5: [1022:15e2] type 00 class 0x048000
415: Nov 09 13:11:35 localhost kernel: pci 0000:0f:00.5: reg 0x10: [mem 0xf2780000-0xf27bffff]
416: Nov 09 13:11:35 localhost kernel: pci 0000:0f:00.5: enabling Extended Tags
417: Nov 09 13:11:35 localhost kernel: pci 0000:0f:00.5: PME# supported from D0 D3hot D3cold
418: Nov 09 13:11:35 localhost kernel: pci 0000:0f:00.6: [1022:15e3] type 00 class 0x040300
419: Nov 09 13:11:35 localhost kernel: pci 0000:0f:00.6: reg 0x10: [mem 0xf27c0000-0xf27c7fff]
420: Nov 09 13:11:35 localhost kernel: pci 0000:0f:00.6: enabling Extended Tags
421: Nov 09 13:11:35 localhost kernel: pci 0000:0f:00.6: PME# supported from D0 D3hot D3cold
422: Nov 09 13:11:35 localhost kernel: pci 0000:0f:00.7: [1022:15e6] type 00 class 0x000000
423: Nov 09 13:11:35 localhost kernel: pci 0000:0f:00.7: reg 0x18: [mem 0xf2300000-0xf23fffff]
424: Nov 09 13:11:35 localhost kernel: pci 0000:0f:00.7: reg 0x24: [mem 0xf27cc000-0xf27cdfff]
425: Nov 09 13:11:35 localhost kernel: pci 0000:0f:00.7: enabling Extended Tags
426: Nov 09 13:11:35 localhost kernel: pci 0000:00:08.1: PCI bridge to [bus 0f]
427: Nov 09 13:11:35 localhost kernel: pci 0000:00:08.1:   bridge window [io  0xe000-0xefff]
428: Nov 09 13:11:35 localhost kernel: pci 0000:00:08.1:   bridge window [mem 0xf2300000-0xf27fffff]
429: Nov 09 13:11:35 localhost kernel: pci 0000:00:08.1:   bridge window [mem 0x40000000-0x501fffff 64bit pref]
430: Nov 09 13:11:35 localhost kernel: pci 0000:10:00.0: [1022:7901] type 00 class 0x010601
431: Nov 09 13:11:35 localhost kernel: pci 0000:10:00.0: reg 0x24: [mem 0xf2800000-0xf28007ff]
432: Nov 09 13:11:35 localhost kernel: pci 0000:10:00.0: enabling Extended Tags
433: Nov 09 13:11:35 localhost kernel: pci 0000:10:00.0: PME# supported from D3hot D3cold
434: Nov 09 13:11:35 localhost kernel: pci 0000:00:08.2: PCI bridge to [bus 10]
435: Nov 09 13:11:35 localhost kernel: pci 0000:00:08.2:   bridge window [mem 0xf2800000-0xf28fffff]
436: Nov 09 13:11:35 localhost kernel: pci_bus 0000:00: on NUMA node 0
437: Nov 09 13:11:35 localhost kernel: ACPI: PCI: Interrupt link LNKA configured for IRQ 0
438: Nov 09 13:11:35 localhost kernel: ACPI: PCI: Interrupt link LNKB configured for IRQ 0
439: Nov 09 13:11:35 localhost kernel: ACPI: PCI: Interrupt link LNKC configured for IRQ 0
440: Nov 09 13:11:35 localhost kernel: ACPI: PCI: Interrupt link LNKD configured for IRQ 0
441: Nov 09 13:11:35 localhost kernel: ACPI: PCI: Interrupt link LNKE configured for IRQ 0
442: Nov 09 13:11:35 localhost kernel: ACPI: PCI: Interrupt link LNKF configured for IRQ 0
443: Nov 09 13:11:35 localhost kernel: ACPI: PCI: Interrupt link LNKG configured for IRQ 0
444: Nov 09 13:11:35 localhost kernel: ACPI: PCI: Interrupt link LNKH configured for IRQ 0
445: Nov 09 13:11:35 localhost kernel: iommu: Default domain type: Translated 
446: Nov 09 13:11:35 localhost kernel: iommu: DMA domain TLB invalidation policy: lazy mode 
447: Nov 09 13:11:35 localhost kernel: pci 0000:0f:00.0: vgaarb: VGA device added: decodes=io+mem,owns=none,locks=none
448: Nov 09 13:11:35 localhost kernel: pci 0000:0f:00.0: vgaarb: bridge control possible
449: Nov 09 13:11:35 localhost kernel: pci 0000:0f:00.0: vgaarb: setting as boot device
450: Nov 09 13:11:35 localhost kernel: vgaarb: loaded
451: Nov 09 13:11:35 localhost kernel: SCSI subsystem initialized
452: Nov 09 13:11:35 localhost kernel: libata version 3.00 loaded.
453: Nov 09 13:11:35 localhost kernel: ACPI: bus type USB registered
454: Nov 09 13:11:35 localhost kernel: usbcore: registered new interface driver usbfs
455: Nov 09 13:11:35 localhost kernel: usbcore: registered new interface driver hub
456: Nov 09 13:11:35 localhost kernel: usbcore: registered new device driver usb
457: Nov 09 13:11:35 localhost kernel: pps_core: LinuxPPS API ver. 1 registered
458: Nov 09 13:11:35 localhost kernel: pps_core: Software ver. 5.3.6 - Copyright 2005-2007 Rodolfo Giometti <giometti@linux.it>
459: Nov 09 13:11:35 localhost kernel: PTP clock support registered
460: Nov 09 13:11:35 localhost kernel: Registered efivars operations
461: Nov 09 13:11:35 localhost kernel: PCI: Using ACPI for IRQ routing
462: Nov 09 13:11:35 localhost kernel: PCI: pci_cache_line_size set to 64 bytes
463: Nov 09 13:11:35 localhost kernel: Expanded resource Reserved due to conflict with PCI Bus 0000:00
464: Nov 09 13:11:35 localhost kernel: e820: reserve RAM buffer [mem 0x09602000-0x0bffffff]
465: Nov 09 13:11:35 localhost kernel: e820: reserve RAM buffer [mem 0x0a200000-0x0bffffff]
466: Nov 09 13:11:35 localhost kernel: e820: reserve RAM buffer [mem 0x3ce10000-0x3fffffff]
467: Nov 09 13:11:35 localhost kernel: e820: reserve RAM buffer [mem 0x3d5ec000-0x3fffffff]
468: Nov 09 13:11:35 localhost kernel: e820: reserve RAM buffer [mem 0x3d8aa000-0x3fffffff]
469: Nov 09 13:11:35 localhost kernel: e820: reserve RAM buffer [mem 0x3f000000-0x3fffffff]
470: Nov 09 13:11:35 localhost kernel: e820: reserve RAM buffer [mem 0x47f000000-0x47fffffff]
471: Nov 09 13:11:35 localhost kernel: e820: reserve RAM buffer [mem 0x4bf340000-0x4bfffffff]
472: Nov 09 13:11:35 localhost kernel: hpet0: at MMIO 0xfed00000, IRQs 2, 8, 0
473: Nov 09 13:11:35 localhost kernel: hpet0: 3 comparators, 32-bit 14.318180 MHz counter
474: Nov 09 13:11:35 localhost kernel: clocksource: Switched to clocksource tsc-early
475: Nov 09 13:11:35 localhost kernel: pnp: PnP ACPI init
476: Nov 09 13:11:35 localhost kernel: system 00:00: [mem 0xf8000000-0xfbffffff] has been reserved
477: Nov 09 13:11:35 localhost kernel: system 00:01: [mem 0xfeb80000-0xfebfffff] has been reserved
478: Nov 09 13:11:35 localhost kernel: system 00:03: [io  0x04d0-0x04d1] has been reserved
479: Nov 09 13:11:35 localhost kernel: system 00:03: [io  0x040b] has been reserved
480: Nov 09 13:11:35 localhost kernel: system 00:03: [io  0x04d6] has been reserved
481: Nov 09 13:11:35 localhost kernel: system 00:03: [io  0x0c00-0x0c01] has been reserved
482: Nov 09 13:11:35 localhost kernel: system 00:03: [io  0x0c14] has been reserved
483: Nov 09 13:11:35 localhost kernel: system 00:03: [io  0x0c50-0x0c51] has been reserved
484: Nov 09 13:11:35 localhost kernel: system 00:03: [io  0x0c52] has been reserved
485: Nov 09 13:11:35 localhost kernel: system 00:03: [io  0x0c6c] has been reserved
486: Nov 09 13:11:35 localhost kernel: system 00:03: [io  0x0c6f] has been reserved
487: Nov 09 13:11:35 localhost kernel: system 00:03: [io  0x0cd0-0x0cd1] has been reserved
488: Nov 09 13:11:35 localhost kernel: system 00:03: [io  0x0cd2-0x0cd3] has been reserved
489: Nov 09 13:11:35 localhost kernel: system 00:03: [io  0x0cd4-0x0cd5] has been reserved
490: Nov 09 13:11:35 localhost kernel: system 00:03: [io  0x0cd6-0x0cd7] has been reserved
491: Nov 09 13:11:35 localhost kernel: system 00:03: [io  0x0cd8-0x0cdf] has been reserved
492: Nov 09 13:11:35 localhost kernel: system 00:03: [io  0x0800-0x089f] has been reserved
493: Nov 09 13:11:35 localhost kernel: system 00:03: [io  0x0b00-0x0b0f] has been reserved
494: Nov 09 13:11:35 localhost kernel: system 00:03: [io  0x0b20-0x0b3f] has been reserved
495: Nov 09 13:11:35 localhost kernel: system 00:03: [io  0x0900-0x090f] has been reserved
496: Nov 09 13:11:35 localhost kernel: system 00:03: [io  0x0910-0x091f] has been reserved
497: Nov 09 13:11:35 localhost kernel: system 00:03: [mem 0xfec00000-0xfec00fff] could not be reserved
498: Nov 09 13:11:35 localhost kernel: system 00:03: [mem 0xfec01000-0xfec01fff] could not be reserved
499: Nov 09 13:11:35 localhost kernel: system 00:03: [mem 0xfedc0000-0xfedc0fff] has been reserved
500: Nov 09 13:11:35 localhost kernel: system 00:03: [mem 0xfee00000-0xfee00fff] has been reserved
501: Nov 09 13:11:35 localhost kernel: system 00:03: [mem 0xfed80000-0xfed8ffff] could not be reserved
502: Nov 09 13:11:35 localhost kernel: system 00:03: [mem 0xfec10000-0xfec10fff] has been reserved
503: Nov 09 13:11:35 localhost kernel: system 00:03: [mem 0xff000000-0xffffffff] has been reserved
504: Nov 09 13:11:35 localhost kernel: pnp: PnP ACPI: found 4 devices
505: Nov 09 13:11:35 localhost kernel: clocksource: acpi_pm: mask: 0xffffff max_cycles: 0xffffff, max_idle_ns: 2085701024 ns
506: Nov 09 13:11:35 localhost kernel: NET: Registered PF_INET protocol family
507: Nov 09 13:11:35 localhost kernel: IP idents hash table entries: 262144 (order: 9, 2097152 bytes, linear)
508: Nov 09 13:11:35 localhost kernel: tcp_listen_portaddr_hash hash table entries: 8192 (order: 5, 131072 bytes, linear)
509: Nov 09 13:11:35 localhost kernel: Table-perturb hash table entries: 65536 (order: 6, 262144 bytes, linear)
510: Nov 09 13:11:35 localhost kernel: TCP established hash table entries: 131072 (order: 8, 1048576 bytes, linear)
511: Nov 09 13:11:35 localhost kernel: TCP bind hash table entries: 65536 (order: 8, 1048576 bytes, linear)
512: Nov 09 13:11:35 localhost kernel: TCP: Hash tables configured (established 131072 bind 65536)
513: Nov 09 13:11:35 localhost kernel: UDP hash table entries: 8192 (order: 6, 262144 bytes, linear)
514: Nov 09 13:11:35 localhost kernel: UDP-Lite hash table entries: 8192 (order: 6, 262144 bytes, linear)
515: Nov 09 13:11:35 localhost kernel: NET: Registered PF_UNIX/PF_LOCAL protocol family
516: Nov 09 13:11:35 localhost kernel: RPC: Registered named UNIX socket transport module.
517: Nov 09 13:11:35 localhost kernel: RPC: Registered udp transport module.
518: Nov 09 13:11:35 localhost kernel: RPC: Registered tcp transport module.
519: Nov 09 13:11:35 localhost kernel: RPC: Registered tcp NFSv4.1 backchannel transport module.
520: Nov 09 13:11:35 localhost kernel: pci 0000:02:00.0: PCI bridge to [bus 03]
521: Nov 09 13:11:35 localhost kernel: pci 0000:02:00.0:   bridge window [mem 0x6c000000-0x77ffffff 64bit pref]
522: Nov 09 13:11:35 localhost kernel: pci 0000:02:01.0: PCI bridge to [bus 04]
523: Nov 09 13:11:35 localhost kernel: pci 0000:02:01.0:   bridge window [mem 0x60000000-0x6bffffff 64bit pref]
524: Nov 09 13:11:35 localhost kernel: pci 0000:02:02.0: PCI bridge to [bus 05]
525: Nov 09 13:11:35 localhost kernel: pci 0000:02:02.0:   bridge window [mem 0xe0000000-0xf1ffffff]
526: Nov 09 13:11:35 localhost kernel: pci 0000:02:03.0: PCI bridge to [bus 06]
527: Nov 09 13:11:35 localhost kernel: pci 0000:02:03.0:   bridge window [mem 0x54000000-0x5fffffff 64bit pref]
528: Nov 09 13:11:35 localhost kernel: pci 0000:02:04.0: PCI bridge to [bus 07]
529: Nov 09 13:11:35 localhost kernel: pci 0000:02:04.0:   bridge window [mem 0xc0000000-0xd1ffffff]
530: Nov 09 13:11:35 localhost kernel: pci 0000:08:00.0: BAR 7: no space for [mem size 0x00800000 64bit pref]
531: Nov 09 13:11:35 localhost kernel: pci 0000:08:00.0: BAR 7: failed to assign [mem size 0x00800000 64bit pref]
532: Nov 09 13:11:35 localhost kernel: pci 0000:08:00.0: BAR 10: no space for [mem size 0x00200000 64bit pref]
533: Nov 09 13:11:35 localhost kernel: pci 0000:08:00.0: BAR 10: failed to assign [mem size 0x00200000 64bit pref]
534: Nov 09 13:11:35 localhost kernel: pci 0000:02:05.0: PCI bridge to [bus 08]
535: Nov 09 13:11:35 localhost kernel: pci 0000:02:05.0:   bridge window [mem 0xf2100000-0xf21fffff]
536: Nov 09 13:11:35 localhost kernel: pci 0000:02:05.0:   bridge window [mem 0x78000000-0x788fffff 64bit pref]
537: Nov 09 13:11:35 localhost kernel: pci 0000:02:06.0: PCI bridge to [bus 09]
538: Nov 09 13:11:35 localhost kernel: pci 0000:02:06.0:   bridge window [mem 0xa0000000-0xb1ffffff]
539: Nov 09 13:11:35 localhost kernel: pci 0000:02:07.0: PCI bridge to [bus 0a]
540: Nov 09 13:11:35 localhost kernel: pci 0000:02:07.0:   bridge window [mem 0x80000000-0x91ffffff]
541: Nov 09 13:11:35 localhost kernel: pci 0000:02:08.0: PCI bridge to [bus 0b]
542: Nov 09 13:11:35 localhost kernel: pci 0000:02:09.0: PCI bridge to [bus 0c]
543: Nov 09 13:11:35 localhost kernel: pci 0000:01:00.0: PCI bridge to [bus 02-0c]
544: Nov 09 13:11:35 localhost kernel: pci 0000:01:00.0:   bridge window [mem 0x80000000-0xf21fffff]
545: Nov 09 13:11:35 localhost kernel: pci 0000:01:00.0:   bridge window [mem 0x54000000-0x788fffff 64bit pref]
546: Nov 09 13:11:35 localhost kernel: pci 0000:00:01.1: PCI bridge to [bus 01-0c]
547: Nov 09 13:11:35 localhost kernel: pci 0000:00:01.1:   bridge window [mem 0x80000000-0xf21fffff]
548: Nov 09 13:11:35 localhost kernel: pci 0000:00:01.1:   bridge window [mem 0x54000000-0x78ffffff 64bit pref]
549: Nov 09 13:11:35 localhost kernel: pci 0000:00:01.3: PCI bridge to [bus 0d]
550: Nov 09 13:11:35 localhost kernel: pci 0000:00:01.3:   bridge window [io  0xf000-0xffff]
551: Nov 09 13:11:35 localhost kernel: pci 0000:00:01.3:   bridge window [mem 0xf2900000-0xf29fffff]
552: Nov 09 13:11:35 localhost kernel: pci 0000:00:01.5: PCI bridge to [bus 0e]
553: Nov 09 13:11:35 localhost kernel: pci 0000:00:01.5:   bridge window [mem 0x79100000-0x791fffff 64bit pref]
554: Nov 09 13:11:35 localhost kernel: pci 0000:00:08.1: PCI bridge to [bus 0f]
555: Nov 09 13:11:35 localhost kernel: pci 0000:00:08.1:   bridge window [io  0xe000-0xefff]
556: Nov 09 13:11:35 localhost kernel: pci 0000:00:08.1:   bridge window [mem 0xf2300000-0xf27fffff]
557: Nov 09 13:11:35 localhost kernel: pci 0000:00:08.1:   bridge window [mem 0x40000000-0x501fffff 64bit pref]
558: Nov 09 13:11:35 localhost kernel: pci 0000:00:08.2: PCI bridge to [bus 10]
559: Nov 09 13:11:35 localhost kernel: pci 0000:00:08.2:   bridge window [mem 0xf2800000-0xf28fffff]
560: Nov 09 13:11:35 localhost kernel: pci_bus 0000:00: Some PCI device resources are unassigned, try booting with pci=realloc
561: Nov 09 13:11:35 localhost kernel: pci_bus 0000:00: resource 4 [io  0x0000-0x03af window]
562: Nov 09 13:11:35 localhost kernel: pci_bus 0000:00: resource 5 [io  0x03e0-0x0cf7 window]
563: Nov 09 13:11:35 localhost kernel: pci_bus 0000:00: resource 6 [io  0x03b0-0x03df window]
564: Nov 09 13:11:35 localhost kernel: pci_bus 0000:00: resource 7 [io  0x0d00-0xffff window]
565: Nov 09 13:11:35 localhost kernel: pci_bus 0000:00: resource 8 [mem 0x000a0000-0x000bffff window]
566: Nov 09 13:11:35 localhost kernel: pci_bus 0000:00: resource 9 [mem 0x000c0000-0x000dffff window]
567: Nov 09 13:11:35 localhost kernel: pci_bus 0000:00: resource 10 [mem 0x40000000-0xfebfffff window]
568: Nov 09 13:11:35 localhost kernel: pci_bus 0000:00: resource 11 [mem 0xfee00000-0xffffffff window]
569: Nov 09 13:11:35 localhost kernel: pci_bus 0000:01: resource 1 [mem 0x80000000-0xf21fffff]
570: Nov 09 13:11:35 localhost kernel: pci_bus 0000:01: resource 2 [mem 0x54000000-0x78ffffff 64bit pref]
571: Nov 09 13:11:35 localhost kernel: pci_bus 0000:02: resource 1 [mem 0x80000000-0xf21fffff]
572: Nov 09 13:11:35 localhost kernel: pci_bus 0000:02: resource 2 [mem 0x54000000-0x788fffff 64bit pref]
573: Nov 09 13:11:35 localhost kernel: pci_bus 0000:03: resource 2 [mem 0x6c000000-0x77ffffff 64bit pref]
574: Nov 09 13:11:35 localhost kernel: pci_bus 0000:04: resource 2 [mem 0x60000000-0x6bffffff 64bit pref]
575: Nov 09 13:11:35 localhost kernel: pci_bus 0000:05: resource 1 [mem 0xe0000000-0xf1ffffff]
576: Nov 09 13:11:35 localhost kernel: pci_bus 0000:06: resource 2 [mem 0x54000000-0x5fffffff 64bit pref]
577: Nov 09 13:11:35 localhost kernel: pci_bus 0000:07: resource 1 [mem 0xc0000000-0xd1ffffff]
578: Nov 09 13:11:35 localhost kernel: pci_bus 0000:08: resource 1 [mem 0xf2100000-0xf21fffff]
579: Nov 09 13:11:35 localhost kernel: pci_bus 0000:08: resource 2 [mem 0x78000000-0x788fffff 64bit pref]
580: Nov 09 13:11:35 localhost kernel: pci_bus 0000:09: resource 1 [mem 0xa0000000-0xb1ffffff]
581: Nov 09 13:11:35 localhost kernel: pci_bus 0000:0a: resource 1 [mem 0x80000000-0x91ffffff]
582: Nov 09 13:11:35 localhost kernel: pci_bus 0000:0d: resource 0 [io  0xf000-0xffff]
583: Nov 09 13:11:35 localhost kernel: pci_bus 0000:0d: resource 1 [mem 0xf2900000-0xf29fffff]
584: Nov 09 13:11:35 localhost kernel: pci_bus 0000:0e: resource 2 [mem 0x79100000-0x791fffff 64bit pref]
585: Nov 09 13:11:35 localhost kernel: pci_bus 0000:0f: resource 0 [io  0xe000-0xefff]
586: Nov 09 13:11:35 localhost kernel: pci_bus 0000:0f: resource 1 [mem 0xf2300000-0xf27fffff]
587: Nov 09 13:11:35 localhost kernel: pci_bus 0000:0f: resource 2 [mem 0x40000000-0x501fffff 64bit pref]
588: Nov 09 13:11:35 localhost kernel: pci_bus 0000:10: resource 1 [mem 0xf2800000-0xf28fffff]
589: Nov 09 13:11:35 localhost kernel: pci 0000:0f:00.1: D0 power state depends on 0000:0f:00.0
590: Nov 09 13:11:35 localhost kernel: pci 0000:0f:00.3: extending delay after power-on from D3hot to 20 msec
591: Nov 09 13:11:35 localhost kernel: pci 0000:0f:00.4: extending delay after power-on from D3hot to 20 msec
592: Nov 09 13:11:35 localhost kernel: PCI: CLS 64 bytes, default 64
593: Nov 09 13:11:35 localhost kernel: PCI-DMA: Using software bounce buffering for IO (SWIOTLB)
594: Nov 09 13:11:35 localhost kernel: software IO TLB: mapped [mem 0x0000000035c48000-0x0000000039c48000] (64MB)
595: Nov 09 13:11:35 localhost kernel: RAPL PMU: API unit is 2^-32 Joules, 1 fixed counters, 163840 ms ovfl timer
596: Nov 09 13:11:35 localhost kernel: RAPL PMU: hw unit of domain package 2^-16 Joules
597: Nov 09 13:11:35 localhost kernel: amd_uncore: 4  amd_df counters detected
598: Nov 09 13:11:35 localhost kernel: amd_uncore: 6  amd_l3 counters detected
599: Nov 09 13:11:35 localhost kernel: workingset: timestamp_bits=46 max_order=22 bucket_order=0
600: Nov 09 13:11:35 localhost kernel: squashfs: version 4.0 (2009/01/31) Phillip Lougher
601: Nov 09 13:11:35 localhost kernel: NFS: Registering the id_resolver key type
602: Nov 09 13:11:35 localhost kernel: Key type id_resolver registered
603: Nov 09 13:11:35 localhost kernel: Key type id_legacy registered
604: Nov 09 13:11:35 localhost kernel: Key type cifs.idmap registered
605: Nov 09 13:11:35 localhost kernel: ntfs3: Max link count 4000
606: Nov 09 13:11:35 localhost kernel: ntfs3: Read-only LZX/Xpress compression included
607: Nov 09 13:11:35 localhost kernel: xor: automatically using best checksumming function   avx       
608: Nov 09 13:11:35 localhost kernel: Block layer SCSI generic (bsg) driver version 0.4 loaded (major 246)
609: Nov 09 13:11:35 localhost kernel: io scheduler mq-deadline registered
610: Nov 09 13:11:35 localhost kernel: io scheduler kyber registered
611: Nov 09 13:11:35 localhost kernel: io scheduler bfq registered
612: Nov 09 13:11:35 localhost kernel: pcieport 0000:00:01.1: PME: Signaling with IRQ 25
613: Nov 09 13:11:35 localhost kernel: pcieport 0000:00:01.1: AER: enabled with IRQ 25
614: Nov 09 13:11:35 localhost kernel: pcieport 0000:00:01.3: PME: Signaling with IRQ 26
615: Nov 09 13:11:35 localhost kernel: pcieport 0000:00:01.3: AER: enabled with IRQ 26
616: Nov 09 13:11:35 localhost kernel: pcieport 0000:00:01.5: PME: Signaling with IRQ 27
617: Nov 09 13:11:35 localhost kernel: pcieport 0000:00:01.5: AER: enabled with IRQ 27
618: Nov 09 13:11:35 localhost kernel: pcieport 0000:00:08.1: PME: Signaling with IRQ 28
619: Nov 09 13:11:35 localhost kernel: pcieport 0000:00:08.2: PME: Signaling with IRQ 29
620: Nov 09 13:11:35 localhost kernel: pcieport 0000:00:08.2: AER: enabled with IRQ 29
621: Nov 09 13:11:35 localhost kernel: input: Power Button as /devices/LNXSYSTM:00/LNXSYBUS:00/PNP0C0C:00/input/input0
622: Nov 09 13:11:35 localhost kernel: ACPI: button: Power Button [PWRB]
623: Nov 09 13:11:35 localhost kernel: input: Power Button as /devices/LNXSYSTM:00/LNXPWRBN:00/input/input1
624: Nov 09 13:11:35 localhost kernel: ACPI: button: Power Button [PWRF]
625: Nov 09 13:11:35 localhost kernel: Serial: 8250/16550 driver, 4 ports, IRQ sharing disabled
626: Nov 09 13:11:35 localhost kernel: Non-volatile memory driver v1.3
627: Nov 09 13:11:35 localhost kernel: Linux agpgart interface v0.103
628: Nov 09 13:11:35 localhost kernel: hv_vmbus: registering driver hyperv_drm
629: Nov 09 13:11:35 localhost kernel: brd: module loaded
630: Nov 09 13:11:35 localhost kernel: loop: module loaded
631: Nov 09 13:11:35 localhost kernel: ahci 0000:10:00.0: version 3.0
632: Nov 09 13:11:35 localhost kernel: ahci 0000:10:00.0: AHCI 0001.0301 32 slots 1 ports 6 Gbps 0x1 impl SATA mode
633: Nov 09 13:11:35 localhost kernel: ahci 0000:10:00.0: flags: 64bit ncq sntf ilck pm led clo only pmp fbs pio slum part 
634: Nov 09 13:11:35 localhost kernel: scsi host0: ahci
635: Nov 09 13:11:35 localhost kernel: ata1: SATA max UDMA/133 abar m2048@0xf2800000 port 0xf2800100 irq 42
636: Nov 09 13:11:35 localhost kernel: e100: Intel(R) PRO/100 Network Driver
637: Nov 09 13:11:35 localhost kernel: e100: Copyright(c) 1999-2006 Intel Corporation
638: Nov 09 13:11:35 localhost kernel: e1000: Intel(R) PRO/1000 Network Driver
639: Nov 09 13:11:35 localhost kernel: e1000: Copyright (c) 1999-2006 Intel Corporation.
640: Nov 09 13:11:35 localhost kernel: e1000e: Intel(R) PRO/1000 Network Driver
641: Nov 09 13:11:35 localhost kernel: e1000e: Copyright(c) 1999 - 2015 Intel Corporation.
642: Nov 09 13:11:35 localhost kernel: igb: Intel(R) Gigabit Ethernet Network Driver
643: Nov 09 13:11:35 localhost kernel: igb: Copyright (c) 2007-2014 Intel Corporation.
644: Nov 09 13:11:35 localhost kernel: pps pps0: new PPS source ptp0
645: Nov 09 13:11:35 localhost kernel: igb 0000:0d:00.0: added PHC on eth0
646: Nov 09 13:11:35 localhost kernel: igb 0000:0d:00.0: Intel(R) Gigabit Ethernet Network Connection
647: Nov 09 13:11:35 localhost kernel: igb 0000:0d:00.0: eth0: (PCIe:2.5Gb/s:Width x1) 00:e0:33:0b:d1:f9
648: Nov 09 13:11:35 localhost kernel: igb 0000:0d:00.0: eth0: PBA No: FFFFFF-0FF
649: Nov 09 13:11:35 localhost kernel: igb 0000:0d:00.0: Using MSI-X interrupts. 2 rx queue(s), 2 tx queue(s)
650: Nov 09 13:11:35 localhost kernel: Intel(R) 2.5G Ethernet Linux Driver
651: Nov 09 13:11:35 localhost kernel: Copyright(c) 2018 Intel Corporation.
652: Nov 09 13:11:35 localhost kernel: igbvf: Intel(R) Gigabit Virtual Function Network Driver
653: Nov 09 13:11:35 localhost kernel: igbvf: Copyright (c) 2009 - 2012 Intel Corporation.
654: Nov 09 13:11:35 localhost kernel: ixgbe: Intel(R) 10 Gigabit PCI Express Network Driver
655: Nov 09 13:11:35 localhost kernel: ixgbe: Copyright (c) 1999-2016 Intel Corporation.
656: Nov 09 13:11:35 localhost kernel: ixgbevf: Intel(R) 10 Gigabit PCI Express Virtual Function Network Driver
657: Nov 09 13:11:35 localhost kernel: ixgbevf: Copyright (c) 2009 - 2018 Intel Corporation.
658: Nov 09 13:11:35 localhost kernel: iavf: Intel(R) Ethernet Adaptive Virtual Function Network Driver
659: Nov 09 13:11:35 localhost kernel: Copyright (c) 2013 - 2018 Intel Corporation.
660: Nov 09 13:11:35 localhost kernel: usbcore: registered new interface driver ax88179_178a
661: Nov 09 13:11:35 localhost kernel: usbcore: registered new interface driver cdc_ether
662: Nov 09 13:11:35 localhost kernel: usbcore: registered new interface driver cdc_eem
663: Nov 09 13:11:35 localhost kernel: usbcore: registered new interface driver cdc_ncm
664: Nov 09 13:11:35 localhost kernel: usbcore: registered new interface driver r8153_ecm
665: Nov 09 13:11:35 localhost kernel: hv_vmbus: registering driver hv_netvsc
666: Nov 09 13:11:35 localhost kernel: ehci_hcd: USB 2.0 'Enhanced' Host Controller (EHCI) Driver
667: Nov 09 13:11:35 localhost kernel: ehci-pci: EHCI PCI platform driver
668: Nov 09 13:11:35 localhost kernel: ohci_hcd: USB 1.1 'Open' Host Controller (OHCI) Driver
669: Nov 09 13:11:35 localhost kernel: ohci-pci: OHCI PCI platform driver
670: Nov 09 13:11:35 localhost kernel: uhci_hcd: USB Universal Host Controller Interface driver
671: Nov 09 13:11:35 localhost kernel: xhci_hcd 0000:0f:00.3: xHCI Host Controller
672: Nov 09 13:11:35 localhost kernel: xhci_hcd 0000:0f:00.3: new USB bus registered, assigned bus number 1
673: Nov 09 13:11:35 localhost kernel: xhci_hcd 0000:0f:00.3: hcc params 0x0270ffe5 hci version 0x110 quirks 0x0000000840000410
674: Nov 09 13:11:35 localhost kernel: xhci_hcd 0000:0f:00.3: xHCI Host Controller
675: Nov 09 13:11:35 localhost kernel: xhci_hcd 0000:0f:00.3: new USB bus registered, assigned bus number 2
676: Nov 09 13:11:35 localhost kernel: xhci_hcd 0000:0f:00.3: Host supports USB 3.1 Enhanced SuperSpeed
677: Nov 09 13:11:35 localhost kernel: usb usb1: New USB device found, idVendor=1d6b, idProduct=0002, bcdDevice= 5.15
678: Nov 09 13:11:35 localhost kernel: usb usb1: New USB device strings: Mfr=3, Product=2, SerialNumber=1
679: Nov 09 13:11:35 localhost kernel: usb usb1: Product: xHCI Host Controller
680: Nov 09 13:11:35 localhost kernel: usb usb1: Manufacturer: Linux 5.15.73 xhci-hcd
681: Nov 09 13:11:35 localhost kernel: usb usb1: SerialNumber: 0000:0f:00.3
682: Nov 09 13:11:35 localhost kernel: hub 1-0:1.0: USB hub found
683: Nov 09 13:11:35 localhost kernel: hub 1-0:1.0: 4 ports detected
684: Nov 09 13:11:35 localhost kernel: usb usb2: We don't know the algorithms for LPM for this host, disabling LPM.
685: Nov 09 13:11:35 localhost kernel: usb usb2: New USB device found, idVendor=1d6b, idProduct=0003, bcdDevice= 5.15
686: Nov 09 13:11:35 localhost kernel: usb usb2: New USB device strings: Mfr=3, Product=2, SerialNumber=1
687: Nov 09 13:11:35 localhost kernel: usb usb2: Product: xHCI Host Controller
688: Nov 09 13:11:35 localhost kernel: usb usb2: Manufacturer: Linux 5.15.73 xhci-hcd
689: Nov 09 13:11:35 localhost kernel: usb usb2: SerialNumber: 0000:0f:00.3
690: Nov 09 13:11:35 localhost kernel: hub 2-0:1.0: USB hub found
691: Nov 09 13:11:35 localhost kernel: hub 2-0:1.0: 4 ports detected
692: Nov 09 13:11:35 localhost kernel: xhci_hcd 0000:0f:00.4: xHCI Host Controller
693: Nov 09 13:11:35 localhost kernel: xhci_hcd 0000:0f:00.4: new USB bus registered, assigned bus number 3
694: Nov 09 13:11:35 localhost kernel: xhci_hcd 0000:0f:00.4: hcc params 0x0260ffe5 hci version 0x110 quirks 0x0000000840000410
695: Nov 09 13:11:35 localhost kernel: xhci_hcd 0000:0f:00.4: xHCI Host Controller
696: Nov 09 13:11:35 localhost kernel: xhci_hcd 0000:0f:00.4: new USB bus registered, assigned bus number 4
697: Nov 09 13:11:35 localhost kernel: xhci_hcd 0000:0f:00.4: Host supports USB 3.1 Enhanced SuperSpeed
698: Nov 09 13:11:35 localhost kernel: usb usb3: New USB device found, idVendor=1d6b, idProduct=0002, bcdDevice= 5.15
699: Nov 09 13:11:35 localhost kernel: usb usb3: New USB device strings: Mfr=3, Product=2, SerialNumber=1
700: Nov 09 13:11:35 localhost kernel: usb usb3: Product: xHCI Host Controller
701: Nov 09 13:11:35 localhost kernel: usb usb3: Manufacturer: Linux 5.15.73 xhci-hcd
702: Nov 09 13:11:35 localhost kernel: usb usb3: SerialNumber: 0000:0f:00.4
703: Nov 09 13:11:35 localhost kernel: hub 3-0:1.0: USB hub found
704: Nov 09 13:11:35 localhost kernel: hub 3-0:1.0: 2 ports detected
705: Nov 09 13:11:35 localhost kernel: usb usb4: We don't know the algorithms for LPM for this host, disabling LPM.
706: Nov 09 13:11:35 localhost kernel: usb usb4: New USB device found, idVendor=1d6b, idProduct=0003, bcdDevice= 5.15
707: Nov 09 13:11:35 localhost kernel: usb usb4: New USB device strings: Mfr=3, Product=2, SerialNumber=1
708: Nov 09 13:11:35 localhost kernel: usb usb4: Product: xHCI Host Controller
709: Nov 09 13:11:35 localhost kernel: usb usb4: Manufacturer: Linux 5.15.73 xhci-hcd
710: Nov 09 13:11:35 localhost kernel: usb usb4: SerialNumber: 0000:0f:00.4
711: Nov 09 13:11:35 localhost kernel: hub 4-0:1.0: USB hub found
712: Nov 09 13:11:35 localhost kernel: hub 4-0:1.0: 1 port detected
713: Nov 09 13:11:35 localhost kernel: usbcore: registered new interface driver cdc_acm
714: Nov 09 13:11:35 localhost kernel: cdc_acm: USB Abstract Control Model driver for USB modems and ISDN adapters
715: Nov 09 13:11:35 localhost kernel: usbcore: registered new interface driver usb-storage
716: Nov 09 13:11:35 localhost kernel: usbcore: registered new interface driver usbserial_generic
717: Nov 09 13:11:35 localhost kernel: usbserial: USB Serial support registered for generic
718: Nov 09 13:11:35 localhost kernel: usbcore: registered new interface driver ftdi_sio
719: Nov 09 13:11:35 localhost kernel: usbserial: USB Serial support registered for FTDI USB Serial Device
720: Nov 09 13:11:35 localhost kernel: usbcore: registered new interface driver pl2303
721: Nov 09 13:11:35 localhost kernel: usbserial: USB Serial support registered for pl2303
722: Nov 09 13:11:35 localhost kernel: i8042: PNP: No PS/2 controller found.
723: Nov 09 13:11:35 localhost kernel: hv_vmbus: registering driver hyperv_keyboard
724: Nov 09 13:11:35 localhost kernel: mousedev: PS/2 mouse device common for all mice
725: Nov 09 13:11:35 localhost kernel: rtc_cmos 00:02: RTC can wake from S4
726: Nov 09 13:11:35 localhost kernel: rtc_cmos 00:02: registered as rtc0
727: Nov 09 13:11:35 localhost kernel: rtc_cmos 00:02: setting system clock to 2023-11-09T13:11:34 UTC (1699535494)
728: Nov 09 13:11:35 localhost kernel: rtc_cmos 00:02: alarms up to one month, y3k, 114 bytes nvram, hpet irqs
729: Nov 09 13:11:35 localhost kernel: i2c_dev: i2c /dev entries driver
730: Nov 09 13:11:35 localhost kernel: piix4_smbus 0000:00:14.0: SMBus Host Controller at 0xb00, revision 0
731: Nov 09 13:11:35 localhost kernel: piix4_smbus 0000:00:14.0: Using register 0x02 for SMBus port selection
732: Nov 09 13:11:35 localhost kernel: eeprom 0-0050: eeprom driver is deprecated, please use at24 instead
733: Nov 09 13:11:35 localhost kernel: eeprom 0-0054: eeprom driver is deprecated, please use at24 instead
734: Nov 09 13:11:35 localhost kernel: eeprom 0-0057: eeprom driver is deprecated, please use at24 instead
735: Nov 09 13:11:35 localhost kernel: piix4_smbus 0000:00:14.0: Auxiliary SMBus Host Controller at 0xb20
736: Nov 09 13:11:35 localhost kernel: fail to initialize ptp_kvm
737: Nov 09 13:11:35 localhost kernel: efifb: probing for efifb
738: Nov 09 13:11:35 localhost kernel: efifb: framebuffer at 0x40000000, using 1984k, total 1984k
739: Nov 09 13:11:35 localhost kernel: efifb: mode is 800x600x32, linelength=3328, pages=1
740: Nov 09 13:11:35 localhost kernel: efifb: scrolling: redraw
741: Nov 09 13:11:35 localhost kernel: efifb: Truecolor: size=8:8:8:8, shift=24:16:8:0
742: Nov 09 13:11:35 localhost kernel: Console: switching to colour frame buffer device 100x37
743: Nov 09 13:11:35 localhost kernel: fb0: EFI VGA frame buffer device
744: Nov 09 13:11:35 localhost kernel: EFI Variables Facility v0.08 2004-May-17
745: Nov 09 13:11:35 localhost kernel: pstore: Registered efi as persistent store backend
746: Nov 09 13:11:35 localhost kernel: hv_vmbus: registering driver hid_hyperv
747: Nov 09 13:11:35 localhost kernel: usbcore: registered new interface driver usbhid
748: Nov 09 13:11:35 localhost kernel: usbhid: USB HID core driver
749: Nov 09 13:11:35 localhost kernel: hv_utils: Registering HyperV Utility Driver
750: Nov 09 13:11:35 localhost kernel: hv_vmbus: registering driver hv_utils
751: Nov 09 13:11:35 localhost kernel: hv_vmbus: registering driver hv_balloon
752: Nov 09 13:11:35 localhost kernel: IPVS: Registered protocols ()
753: Nov 09 13:11:35 localhost kernel: IPVS: Connection hash table configured (size=4096, memory=32Kbytes)
754: Nov 09 13:11:35 localhost kernel: IPVS: ipvs loaded.
755: Nov 09 13:11:35 localhost kernel: Initializing XFRM netlink socket
756: Nov 09 13:11:35 localhost kernel: NET: Registered PF_INET6 protocol family
757: Nov 09 13:11:35 localhost kernel: Segment Routing with IPv6
758: Nov 09 13:11:35 localhost kernel: In-situ OAM (IOAM) with IPv6
759: Nov 09 13:11:35 localhost kernel: NET: Registered PF_PACKET protocol family
760: Nov 09 13:11:35 localhost kernel: NET: Registered PF_KEY protocol family
761: Nov 09 13:11:35 localhost kernel: Bridge firewalling registered
762: Nov 09 13:11:35 localhost kernel: Key type dns_resolver registered
763: Nov 09 13:11:35 localhost kernel: microcode: CPU0: patch_level=0x08101016
764: Nov 09 13:11:35 localhost kernel: microcode: CPU1: patch_level=0x08101016
765: Nov 09 13:11:35 localhost kernel: microcode: CPU2: patch_level=0x08101016
766: Nov 09 13:11:35 localhost kernel: microcode: CPU3: patch_level=0x08101016
767: Nov 09 13:11:35 localhost kernel: microcode: CPU4: patch_level=0x08101016
768: Nov 09 13:11:35 localhost kernel: microcode: CPU5: patch_level=0x08101016
769: Nov 09 13:11:35 localhost kernel: microcode: CPU6: patch_level=0x08101016
770: Nov 09 13:11:35 localhost kernel: microcode: CPU7: patch_level=0x08101016
771: Nov 09 13:11:35 localhost kernel: microcode: Microcode Update Driver: v2.2.
772: Nov 09 13:11:35 localhost kernel: IPI shorthand broadcast: enabled
773: Nov 09 13:11:35 localhost kernel: sched_clock: Marking stable (701415061, 1334742)->(1551022684, -848272881)
774: Nov 09 13:11:35 localhost kernel: Btrfs loaded, crc32c=crc32c-generic, zoned=no, fsverity=no
775: Nov 09 13:11:35 localhost kernel: pstore: Using crash dump compression: deflate
776: Nov 09 13:11:35 localhost kernel: Key type encrypted registered
777: Nov 09 13:11:35 localhost kernel: printk: console [netcon0] enabled
778: Nov 09 13:11:35 localhost kernel: netconsole: network logging started
779: Nov 09 13:11:35 localhost kernel: acpi_cpufreq: overriding BIOS provided _PSD data
780: Nov 09 13:11:35 localhost kernel: usb 1-1: new high-speed USB device number 2 using xhci_hcd
781: Nov 09 13:11:35 localhost kernel: usb 3-2: new high-speed USB device number 2 using xhci_hcd
782: Nov 09 13:11:35 localhost kernel: usb 1-1: New USB device found, idVendor=0aad, idProduct=01f5, bcdDevice= 0.00
783: Nov 09 13:11:35 localhost kernel: usb 1-1: New USB device strings: Mfr=1, Product=2, SerialNumber=3
784: Nov 09 13:11:35 localhost kernel: usb 1-1: Product: R&S Motherboard MIC
785: Nov 09 13:11:35 localhost kernel: usb 1-1: Manufacturer: Rohde & Schwarz GmbH & Co. KG
786: Nov 09 13:11:35 localhost kernel: usb 1-1: SerialNumber: 101057
787: Nov 09 13:11:35 localhost kernel: usb 3-2: New USB device found, idVendor=0424, idProduct=2514, bcdDevice= b.b3
788: Nov 09 13:11:35 localhost kernel: usb 3-2: New USB device strings: Mfr=0, Product=0, SerialNumber=0
789: Nov 09 13:11:35 localhost kernel: hub 3-2:1.0: USB hub found
790: Nov 09 13:11:35 localhost kernel: hub 3-2:1.0: 4 ports detected
791: Nov 09 13:11:35 localhost kernel: ata1: SATA link up 6.0 Gbps (SStatus 133 SControl 300)
792: Nov 09 13:11:35 localhost kernel: ata1.00: ATA-10: SFSA960GM2AK4TO-C-8C-636-STD, SBR10013, max UDMA/133
793: Nov 09 13:11:35 localhost kernel: ata1.00: 1875385008 sectors, multi 0: LBA48 NCQ (depth 32), AA
794: Nov 09 13:11:35 localhost kernel: ata1.00: Features: Dev-Sleep
795: Nov 09 13:11:35 localhost kernel: ata1.00: configured for UDMA/133
796: Nov 09 13:11:35 localhost kernel: scsi 0:0:0:0: Direct-Access     ATA      SFSA960GM2AK4TO- 0013 PQ: 0 ANSI: 5
797: Nov 09 13:11:35 localhost kernel: sd 0:0:0:0: [sda] 1875385008 512-byte logical blocks: (960 GB/894 GiB)
798: Nov 09 13:11:35 localhost kernel: sd 0:0:0:0: [sda] Write Protect is off
799: Nov 09 13:11:35 localhost kernel: sd 0:0:0:0: [sda] Mode Sense: 00 3a 00 00
800: Nov 09 13:11:35 localhost kernel: sd 0:0:0:0: [sda] Write cache: enabled, read cache: enabled, doesn't support DPO or FUA
801: Nov 09 13:11:35 localhost kernel:  sda: sda1 sda2
802: Nov 09 13:11:35 localhost kernel: sd 0:0:0:0: [sda] Attached SCSI disk
803: Nov 09 13:11:35 localhost kernel: Freeing unused kernel image (initmem) memory: 59100K
804: Nov 09 13:11:35 localhost kernel: Write protecting the kernel read-only data: 22528k
805: Nov 09 13:11:35 localhost kernel: Freeing unused kernel image (text/rodata gap) memory: 2036K
806: Nov 09 13:11:35 localhost kernel: Freeing unused kernel image (rodata/data gap) memory: 252K
807: Nov 09 13:11:35 localhost kernel: Run /init as init process
808: Nov 09 13:11:35 localhost kernel:   with arguments:
809: Nov 09 13:11:35 localhost kernel:     /init
810: Nov 09 13:11:35 localhost kernel:   with environment:
811: Nov 09 13:11:35 localhost kernel:     HOME=/
812: Nov 09 13:11:35 localhost kernel:     TERM=linux
813: Nov 09 13:11:35 localhost kernel:     BOOT_IMAGE=/boot/vmlinuz
814: Nov 09 13:11:35 localhost systemd[1]: Current system time is further ahead 15y after build time, but cannot correct: Invalid argument
815: Nov 09 13:11:35 localhost systemd[1]: systemd 250.5+ running in system mode (+PAM -AUDIT -SELINUX -APPARMOR -IMA -SMACK -SECCOMP -GCRYPT -GNUTLS -OPENSSL +ACL +BLKID -CURL -ELFUTILS -FIDO2 -IDN2 -IDN -IPTC +KMOD -LIBCRYPTSETUP +LIBFDISK -PCRE2 -PWQUALITY -P11KIT -QRENCODE -BZIP2 +LZ4 -XZ -ZLIB -ZSTD -BPF_FRAMEWORK -XKBCOMMON +UTMP -SYSVINIT default-hierarchy=hybrid)
816: Nov 09 13:11:35 localhost systemd[1]: Detected architecture x86-64.
817: Nov 09 13:11:35 localhost systemd[1]: Running in initial RAM disk.
818: Nov 09 13:11:35 localhost systemd[1]: No hostname configured, using default hostname.
819: Nov 09 13:11:35 localhost systemd[1]: Hostname set to <localhost>.
820: Nov 09 13:11:35 localhost systemd[1]: Initializing machine ID from random generator.
821: Nov 09 13:11:35 localhost systemd[1]: Queued start job for default target Initrd Default Target.
822: Nov 09 13:11:35 localhost systemd[1]: Created slice Slice /system/modprobe.
823: Nov 09 13:11:35 localhost systemd[1]: Started Dispatch Password Requests to Console Directory Watch.
824: Nov 09 13:11:35 localhost systemd[1]: Reached target Initrd /usr File System.
825: Nov 09 13:11:35 localhost systemd[1]: Reached target Path Units.
826: Nov 09 13:11:35 localhost systemd[1]: Reached target Slice Units.
827: Nov 09 13:11:35 localhost systemd[1]: Reached target Swaps.
828: Nov 09 13:11:35 localhost systemd[1]: Listening on Process Core Dump Socket.
829: Nov 09 13:11:35 localhost systemd[1]: Listening on Journal Audit Socket.
830: Nov 09 13:11:35 localhost systemd[1]: Listening on Journal Socket (/dev/log).
831: Nov 09 13:11:35 localhost systemd[1]: Listening on Journal Socket.
832: Nov 09 13:11:35 localhost systemd[1]: Listening on udev Control Socket.
833: Nov 09 13:11:35 localhost systemd[1]: Listening on udev Kernel Socket.
834: Nov 09 13:11:35 localhost systemd[1]: Huge Pages File System was skipped because of a failed condition check (ConditionPathExists=/sys/kernel/mm/hugepages).
835: Nov 09 13:11:35 localhost systemd[1]: Mounting POSIX Message Queue File System...
836: Nov 09 13:11:35 localhost systemd[1]: Mounting Kernel Debug File System...
837: Nov 09 13:11:35 localhost systemd[1]: Mounting Kernel Trace File System...
838: Nov 09 13:11:35 localhost systemd[1]: Mounting Temporary Directory /tmp...
839: Nov 09 13:11:35 localhost systemd[1]: Mounting /var/volatile...
840: Nov 09 13:11:35 localhost systemd[1]: Create List of Static Device Nodes was skipped because of a failed condition check (ConditionFileNotEmpty=/lib/modules/5.15.73/modules.devname).
841: Nov 09 13:11:35 localhost systemd[1]: Starting Load Kernel Module configfs...
842: Nov 09 13:11:35 localhost systemd[1]: Starting Load Kernel Module fuse...
843: Nov 09 13:11:35 localhost systemd[1]: Starting Mount sysroot partition...
844: Nov 09 13:11:35 localhost systemd[1]: Rebuild Hardware Database was skipped because of a failed condition check (ConditionNeedsUpdate=/etc).
845: Nov 09 13:11:35 localhost systemd[1]: Starting Journal Service...
846: Nov 09 13:11:35 localhost systemd[1]: Load Kernel Modules was skipped because all trigger condition checks failed.
847: Nov 09 13:11:35 localhost systemd[1]: Starting Generate network units from Kernel command line...
848: Nov 09 13:11:35 localhost systemd[1]: Platform Persistent Storage Archival was skipped because of a failed condition check (ConditionDirectoryNotEmpty=/sys/fs/pstore).
849: Nov 09 13:11:35 localhost systemd[1]: Starting Apply Kernel Variables...
850: Nov 09 13:11:35 localhost systemd[1]: Starting Create Static Device Nodes in /dev...
851: Nov 09 13:11:35 localhost systemd[1]: Starting Coldplug All udev Devices...
852: Nov 09 13:11:35 localhost systemd[1]: Mounted POSIX Message Queue File System.
853: Nov 09 13:11:35 localhost systemd[1]: Mounted Kernel Debug File System.
854: Nov 09 13:11:35 localhost systemd[1]: Mounted Kernel Trace File System.
855: Nov 09 13:11:35 localhost systemd[1]: Mounted Temporary Directory /tmp.
856: Nov 09 13:11:35 localhost systemd[1]: Mounted /var/volatile.
857: Nov 09 13:11:35 localhost systemd[1]: modprobe@configfs.service: Deactivated successfully.
858: Nov 09 13:11:35 localhost systemd[1]: Finished Load Kernel Module configfs.
859: Nov 09 13:11:35 localhost systemd[1]: modprobe@fuse.service: Deactivated successfully.
860: Nov 09 13:11:35 localhost systemd[1]: Finished Load Kernel Module fuse.
861: Nov 09 13:11:35 localhost systemd[1]: Finished Generate network units from Kernel command line.
862: Nov 09 13:11:35 localhost systemd[1]: Finished Apply Kernel Variables.
863: Nov 09 13:11:35 localhost systemd[1]: Finished Create Static Device Nodes in /dev.
864: Nov 09 13:11:35 localhost systemd[1]: Reached target Preparation for Network.
865: Nov 09 13:11:35 localhost systemd[1]: FUSE Control File System was skipped because of a failed condition check (ConditionPathExists=/sys/fs/fuse/connections).
866: Nov 09 13:11:35 localhost systemd[1]: Mounting Kernel Configuration File System...
867: Nov 09 13:11:35 localhost kernel: BTRFS: device label root devid 1 transid 1820562 /dev/sda2 scanned by mount (200)
868: Nov 09 13:11:35 localhost kernel: audit: type=1334 audit(1699535495.186:2): prog-id=5 op=LOAD
869: Nov 09 13:11:35 localhost kernel: BTRFS info (device sda2): disk space caching is enabled
870: Nov 09 13:11:35 localhost kernel: audit: type=1334 audit(1699535495.187:3): prog-id=6 op=LOAD
871: Nov 09 13:11:35 localhost kernel: BTRFS info (device sda2): has skinny extents
872: Nov 09 13:11:35 localhost systemd[1]: Starting Rule-based Manager for Device Events and Files...
873: Nov 09 13:11:35 localhost systemd[1]: Bind mount volatile /var/cache was skipped because of a failed condition check (ConditionPathIsReadWrite=!/var/cache).
874: Nov 09 13:11:35 localhost systemd[1]: Bind mount volatile /var/spool was skipped because of a failed condition check (ConditionPathIsReadWrite=!/var/spool).
875: Nov 09 13:11:35 localhost systemd[1]: Bind mount volatile /srv was skipped because of a failed condition check (ConditionPathIsReadWrite=!/srv).
876: Nov 09 13:11:35 localhost systemd[1]: Reached target Local File Systems.
877: Nov 09 13:11:35 localhost systemd[1]: Store a System Token in an EFI Variable was skipped because of a failed condition check (ConditionPathExists=/sys/firmware/efi/efivars/LoaderFeatures-4a67b082-0a4c-41cf-b6c7-440b29bb8c4f).
878: Nov 09 13:11:35 localhost systemd[1]: Starting Automatic Boot Loader Update...
879: Nov 09 13:11:35 localhost systemd[1]: Commit a transient machine-id on disk was skipped because of a failed condition check (ConditionPathIsMountPoint=/etc/machine-id).
880: Nov 09 13:11:35 localhost systemd[1]: Merge System Extension Images into /usr/ and /opt/ was skipped because all trigger condition checks failed.
881: Nov 09 13:11:35 localhost systemd[1]: Started Rule-based Manager for Device Events and Files.
882: Nov 09 13:11:35 localhost kernel: BTRFS info (device sda2): bdev /dev/sda2 errs: wr 0, rd 0, flush 0, corrupt 2, gen 0
883: Nov 09 13:11:35 localhost systemd[1]: Mounted Kernel Configuration File System.
884: Nov 09 13:11:35 localhost systemd[1]: Finished Automatic Boot Loader Update.
885: Nov 09 13:11:35 localhost kernel: BTRFS info (device sda2): enabling ssd optimizations
886: Nov 09 13:11:35 localhost systemd[1]: Condition check resulted in /sysroot being skipped.
887: Nov 09 13:11:35 localhost systemd[1]: Finished Mount sysroot partition.
888: Nov 09 13:11:35 localhost systemd[1]: Reached target Initrd Root File System.
889: Nov 09 13:11:35 localhost kernel: usb 3-2.1: new full-speed USB device number 3 using xhci_hcd
890: Nov 09 13:11:35 localhost systemd[1]: Mounting Home mount...
891: Nov 09 13:11:35 localhost systemd[1]: Starting Reload Configuration from the Real Root...
892: Nov 09 13:11:35 localhost systemd-journald[188]: Journal started
893: Nov 09 13:11:35 localhost systemd-journald[188]: Runtime Journal (/run/log/journal/b1374b2c384f41229ee37cff6991e002) is 8.0M, max 64.0M, 56.0M free.
894: Nov 09 13:11:35 localhost audit: BPF prog-id=5 op=LOAD
895: Nov 09 13:11:35 localhost audit: BPF prog-id=6 op=LOAD
896: Nov 09 13:11:35 localhost systemd-sysctl[193]: Couldn't write '16' to 'kernel/sysrq', ignoring: No such file or directory
897: Nov 09 13:11:35 localhost systemd-tmpfiles[195]: /usr/lib/tmpfiles.d/dbus.conf:13: Line references path below legacy directory /var/run/, updating /var/run/dbus/containers  /run/dbus/containers; please update the tmpfiles.d/ drop-in file accordingly.
898: Nov 09 13:11:35 localhost systemd[1]: Started Journal Service.
899: Nov 09 13:11:35 localhost systemd-udevd[202]: /lib/udev/rules.d/50-udev-default.rules:40 Unknown group 'render', ignoring
900: Nov 09 13:11:35 localhost systemd-udevd[202]: /lib/udev/rules.d/50-udev-default.rules:41 Unknown group 'render', ignoring
901: Nov 09 13:11:35 localhost systemd-udevd[202]: /lib/udev/rules.d/50-udev-default.rules:43 Unknown group 'sgx', ignoring
902: Nov 09 13:11:35 localhost systemd-udevd[202]: /lib/udev/rules.d/50-udev-default.rules:44 Unknown group 'sgx', ignoring
903: Nov 09 13:11:35 localhost systemd[1]: Flush Journal to Persistent Storage was skipped because of a failed condition check (ConditionPathExists=!/etc/initrd-release).
904: Nov 09 13:11:35 localhost bootctl[220]: Couldn't find EFI system partition, skipping.
905: Nov 09 13:11:35 localhost systemd[1]: Starting Create Volatile Files and Directories...
906: Nov 09 13:11:35 localhost systemd-tmpfiles[229]: /usr/lib/tmpfiles.d/dbus.conf:13: Line references path below legacy directory /var/run/, updating /var/run/dbus/containers  /run/dbus/containers; please update the tmpfiles.d/ drop-in file accordingly.
907: Nov 09 13:11:35 localhost systemd[1]: Reloading.
908: Nov 09 13:11:35 localhost audit: BPF prog-id=7 op=LOAD
909: Nov 09 13:11:35 localhost audit: BPF prog-id=8 op=LOAD
910: Nov 09 13:11:35 localhost kernel: audit: type=1334 audit(1699535495.389:4): prog-id=7 op=LOAD
911: Nov 09 13:11:35 localhost kernel: audit: type=1334 audit(1699535495.389:5): prog-id=8 op=LOAD
912: Nov 09 13:11:35 localhost kernel: usb 3-2.1: New USB device found, idVendor=0424, idProduct=1104, bcdDevice= 2.22
913: Nov 09 13:11:35 localhost kernel: audit: type=1334 audit(1699535495.389:6): prog-id=0 op=UNLOAD
914: Nov 09 13:11:35 localhost audit: BPF prog-id=0 op=UNLOAD
915: Nov 09 13:11:35 localhost audit: BPF prog-id=0 op=UNLOAD
916: Nov 09 13:11:35 localhost kernel: usb 3-2.1: New USB device strings: Mfr=1, Product=2, SerialNumber=5
917: Nov 09 13:11:35 localhost kernel: audit: type=1334 audit(1699535495.389:7): prog-id=0 op=UNLOAD
918: Nov 09 13:11:35 localhost kernel: usb 3-2.1: Product: SMSC USX101x Reader 
919: Nov 09 13:11:35 localhost audit: BPF prog-id=9 op=LOAD
920: Nov 09 13:11:35 localhost audit: BPF prog-id=10 op=LOAD
921: Nov 09 13:11:35 localhost kernel: audit: type=1334 audit(1699535495.391:8): prog-id=9 op=LOAD
922: Nov 09 13:11:35 localhost kernel: audit: type=1334 audit(1699535495.393:9): prog-id=10 op=LOAD
923: Nov 09 13:11:35 localhost kernel: usb 3-2.1: Manufacturer: SMSC
924: Nov 09 13:11:35 localhost kernel: audit: type=1334 audit(1699535495.393:10): prog-id=0 op=UNLOAD
925: Nov 09 13:11:35 localhost audit: BPF prog-id=0 op=UNLOAD
926: Nov 09 13:11:35 localhost systemd[1]: Finished Coldplug All udev Devices.
927: Nov 09 13:11:35 localhost kernel: usb 3-2.1: SerialNumber: E0E535DF
928: Nov 09 13:11:35 localhost audit: BPF prog-id=0 op=UNLOAD
929: Nov 09 13:11:35 localhost systemd[1]: Mounted Home mount.
930: Nov 09 13:11:35 localhost systemd[1]: Finished Create Volatile Files and Directories.
931: Nov 09 13:11:35 localhost systemd[1]: Rebuild Journal Catalog was skipped because of a failed condition check (ConditionNeedsUpdate=/var).
932: Nov 09 13:11:35 localhost systemd[1]: Update is Completed was skipped because all trigger condition checks failed.
933: Nov 09 13:11:35 localhost systemd[1]: Starting Record System Boot/Shutdown in UTMP...
934: Nov 09 13:11:35 localhost kernel: tsc: Refined TSC clocksource calibration: 3243.890 MHz
935: Nov 09 13:11:35 localhost kernel: clocksource: tsc: mask: 0xffffffffffffffff max_cycles: 0x2ec23f40941, max_idle_ns: 440795347063 ns
936: Nov 09 13:11:35 localhost kernel: clocksource: Switched to clocksource tsc
937: Nov 09 13:11:35 localhost systemd[1]: Finished Record System Boot/Shutdown in UTMP.
938: Nov 09 13:11:35 localhost systemd[1]: Reached target System Initialization.
939: Nov 09 13:11:35 localhost systemd[1]: Daily Cleanup of Temporary Directories was skipped because of a failed condition check (ConditionPathExists=!/etc/initrd-release).
940: Nov 09 13:11:35 localhost systemd[1]: Reached target Timer Units.
941: Nov 09 13:11:35 localhost systemd[1]: Listening on D-Bus System Message Bus Socket.
942: Nov 09 13:11:35 localhost systemd[1]: Reached target Socket Units.
943: Nov 09 13:11:35 localhost systemd[1]: Reached target Basic System.
944: Nov 09 13:11:35 localhost systemd[1]: System is tainted: cgroupsv1
945: Nov 09 13:11:35 localhost systemd[1]: initrd-parse-etc.service: Deactivated successfully.
946: Nov 09 13:11:35 localhost systemd[1]: Finished Reload Configuration from the Real Root.
947: Nov 09 13:11:35 localhost systemd[1]: Reached target Initrd File Systems.
948: Nov 09 13:11:35 localhost systemd-udevd[221]: Using default interface naming scheme 'v250'.
949: Nov 09 13:11:35 localhost kernel: igb 0000:0d:00.0 eno1: renamed from eth0
950: Nov 09 13:11:35 localhost kernel: usb 3-2.2: new high-speed USB device number 4 using xhci_hcd
951: Nov 09 13:11:35 localhost kernel: usb 3-2.2: New USB device found, idVendor=0424, idProduct=2517, bcdDevice= 0.02
952: Nov 09 13:11:35 localhost kernel: usb 3-2.2: New USB device strings: Mfr=0, Product=0, SerialNumber=0
953: Nov 09 13:11:35 localhost systemd-udevd[246]: Using default interface naming scheme 'v250'.
954: Nov 09 13:11:35 localhost systemd[1]: Found device SFSA960GM2AK4TO-C-8C-636-STD root.
955: Nov 09 13:11:35 localhost systemd[1]: Reached target Initrd Root Device.
956: Nov 09 13:11:35 localhost kernel: hub 3-2.2:1.0: USB hub found
957: Nov 09 13:11:35 localhost kernel: hub 3-2.2:1.0: 7 ports detected
958: Nov 09 13:11:35 localhost systemd[1]: Reached target Initrd Default Target.
959: Nov 09 13:11:35 localhost systemd[1]: Starting Cleaning Up and Shutting Down Daemons...
960: Nov 09 13:11:35 localhost systemd[1]: Starting File System Check on /dev/sda2...
961: Nov 09 13:11:35 localhost systemd-fsck[254]: sda2: fsck.btrfs doesn't exist, not checking file system.
962: Nov 09 13:11:35 localhost systemd[1]: Finished File System Check on /dev/sda2.
963: Nov 09 13:11:35 localhost systemd[1]: Stopped target Initrd Default Target.
964: Nov 09 13:11:35 localhost systemd[1]: Stopped target Basic System.
965: Nov 09 13:11:35 localhost systemd[1]: Stopped target Initrd Root Device.
966: Nov 09 13:11:35 localhost systemd[1]: Stopped target Initrd /usr File System.
967: Nov 09 13:11:35 localhost systemd[1]: Stopped target Preparation for Network.
968: Nov 09 13:11:35 localhost systemd[1]: Stopped target Path Units.
969: Nov 09 13:11:35 localhost systemd[1]: systemd-ask-password-console.path: Deactivated successfully.
970: Nov 09 13:11:35 localhost systemd[1]: Stopped Dispatch Password Requests to Console Directory Watch.
971: Nov 09 13:11:35 localhost systemd[1]: Stopped target Slice Units.
972: Nov 09 13:11:35 localhost systemd[1]: Stopped target Socket Units.
973: Nov 09 13:11:35 localhost systemd[1]: Stopped target Timer Units.
974: Nov 09 13:11:35 localhost systemd[1]: dbus.socket: Deactivated successfully.
975: Nov 09 13:11:35 localhost systemd[1]: Closed D-Bus System Message Bus Socket.
976: Nov 09 13:11:35 localhost systemd[1]: Stopped target System Initialization.
977: Nov 09 13:11:35 localhost systemd[1]: Stopped target Swaps.
978: Nov 09 13:11:35 localhost systemd[1]: systemd-coredump.socket: Deactivated successfully.
979: Nov 09 13:11:35 localhost systemd[1]: Closed Process Core Dump Socket.
980: Nov 09 13:11:35 localhost systemd[1]: systemd-boot-update.service: Deactivated successfully.
981: Nov 09 13:11:35 localhost systemd[1]: Stopped Automatic Boot Loader Update.
982: Nov 09 13:11:35 localhost systemd[1]: systemd-sysctl.service: Deactivated successfully.
983: Nov 09 13:11:35 localhost systemd[1]: Stopped Apply Kernel Variables.
984: Nov 09 13:11:35 localhost systemd[1]: systemd-udev-trigger.service: Deactivated successfully.
985: Nov 09 13:11:35 localhost systemd[1]: Stopped Coldplug All udev Devices.
986: Nov 09 13:11:35 localhost systemd[1]: Stopping Rule-based Manager for Device Events and Files...
987: Nov 09 13:11:35 localhost systemd[1]: Stopping Record System Boot/Shutdown in UTMP...
988: Nov 09 13:11:35 localhost systemd[1]: initrd-cleanup.service: Deactivated successfully.
989: Nov 09 13:11:35 localhost systemd[1]: Finished Cleaning Up and Shutting Down Daemons.
990: Nov 09 13:11:35 localhost systemd[1]: systemd-update-utmp.service: Deactivated successfully.
991: Nov 09 13:11:35 localhost systemd[1]: Stopped Record System Boot/Shutdown in UTMP.
992: Nov 09 13:11:35 localhost systemd[1]: systemd-tmpfiles-setup.service: Deactivated successfully.
993: Nov 09 13:11:35 localhost systemd[1]: Stopped Create Volatile Files and Directories.
994: Nov 09 13:11:35 localhost systemd[1]: Stopped target Local File Systems.
995: Nov 09 13:11:35 localhost kernel: usb 3-2.4: new high-speed USB device number 5 using xhci_hcd
996: Nov 09 13:11:35 localhost kernel: usb 3-2.4: New USB device found, idVendor=0424, idProduct=2517, bcdDevice= 0.02
997: Nov 09 13:11:35 localhost kernel: usb 3-2.4: New USB device strings: Mfr=0, Product=0, SerialNumber=0
998: Nov 09 13:11:35 localhost kernel: hub 3-2.4:1.0: USB hub found
999: Nov 09 13:11:35 localhost kernel: hub 3-2.4:1.0: 7 ports detected
1000: Nov 09 13:11:36 localhost systemd[1]: systemd-udevd.service: Deactivated successfully.
1001: Nov 09 13:11:36 localhost systemd[1]: Stopped Rule-based Manager for Device Events and Files.
1002: Nov 09 13:11:36 localhost systemd[1]: systemd-udevd-control.socket: Deactivated successfully.
1003: Nov 09 13:11:36 localhost systemd[1]: Closed udev Control Socket.
1004: Nov 09 13:11:36 localhost systemd[1]: systemd-udevd-kernel.socket: Deactivated successfully.
1005: Nov 09 13:11:36 localhost systemd[1]: Closed udev Kernel Socket.
1006: Nov 09 13:11:36 localhost systemd[1]: Starting Cleanup udev Database...
1007: Nov 09 13:11:36 localhost systemd[1]: systemd-network-generator.service: Deactivated successfully.
1008: Nov 09 13:11:36 localhost kernel: usb 3-2.2.1: new high-speed USB device number 6 using xhci_hcd
1009: Nov 09 13:11:36 localhost systemd[1]: Stopped Generate network units from Kernel command line.
1010: Nov 09 13:11:36 localhost systemd[1]: systemd-tmpfiles-setup-dev.service: Deactivated successfully.
1011: Nov 09 13:11:36 localhost systemd[1]: Stopped Create Static Device Nodes in /dev.
1012: Nov 09 13:11:36 localhost systemd[1]: initrd-udevadm-cleanup-db.service: Deactivated successfully.
1013: Nov 09 13:11:36 localhost systemd[1]: Finished Cleanup udev Database.
1014: Nov 09 13:11:36 localhost systemd[1]: Reached target Switch Root.
1015: Nov 09 13:11:36 localhost systemd[1]: Starting Switch Root...
1016: Nov 09 13:11:36 localhost systemd[1]: Switching root.
1017: Nov 09 13:11:36 localhost systemd-journald[188]: Journal stopped
1018: Nov 09 13:11:36 CMX50070-101776 systemd-journald[188]: Received SIGTERM from PID 1 (systemd).
1019: Nov 09 13:11:36 CMX50070-101776 kernel: usb 3-2.2.1: New USB device found, idVendor=0424, idProduct=2517, bcdDevice= 0.02
1020: Nov 09 13:11:36 CMX50070-101776 kernel: usb 3-2.2.1: New USB device strings: Mfr=0, Product=0, SerialNumber=0
1021: Nov 09 13:11:36 CMX50070-101776 systemd[1]: Current system time is further ahead 15y after build time, but cannot correct: Invalid argument
1022: Nov 09 13:11:36 CMX50070-101776 systemd[1]: systemd 250.5+ running in system mode (+PAM -AUDIT -SELINUX -APPARMOR -IMA -SMACK -SECCOMP -GCRYPT -GNUTLS -OPENSSL +ACL +BLKID -CURL -ELFUTILS -FIDO2 -IDN2 -IDN -IPTC +KMOD -LIBCRYPTSETUP +LIBFDISK -PCRE2 -PWQUALITY -P11KIT -QRENCODE -BZIP2 +LZ4 -XZ -ZLIB -ZSTD -BPF_FRAMEWORK -XKBCOMMON +UTMP -SYSVINIT default-hierarchy=hybrid)
1023: Nov 09 13:11:36 CMX50070-101776 systemd[1]: Detected architecture x86-64.
1024: Nov 09 13:11:36 CMX50070-101776 systemd[1]: Hostname set to <CMX50070-101776>.
1025: Nov 09 13:11:36 CMX50070-101776 kernel: hub 3-2.2.1:1.0: USB hub found
1026: Nov 09 13:11:36 CMX50070-101776 kernel: hub 3-2.2.1:1.0: 5 ports detected
1027: Nov 09 13:11:36 CMX50070-101776 systemd[1]: /lib/systemd/system/mrt.webhelp.service:7: Standard output type syslog is obsolete, automatically updating to journal. Please update your unit file, and consider removing the setting altogether.
1028: Nov 09 13:11:36 CMX50070-101776 systemd[1]: /lib/systemd/system/mrt.webhelp.service:8: Standard output type syslog is obsolete, automatically updating to journal. Please update your unit file, and consider removing the setting altogether.
1029: Nov 09 13:11:36 CMX50070-101776 systemd[1]: Configuration file /lib/systemd/system/mrt.webgui.service is marked world-writable. Please remove world writability permission bits. Proceeding anyway.
1030: Nov 09 13:11:36 CMX50070-101776 systemd[1]: /lib/systemd/system/mrt.webgui.service:7: Standard output type syslog is obsolete, automatically updating to journal. Please update your unit file, and consider removing the setting altogether.
1031: Nov 09 13:11:36 CMX50070-101776 systemd[1]: /lib/systemd/system/mrt.webgui.service:8: Standard output type syslog is obsolete, automatically updating to journal. Please update your unit file, and consider removing the setting altogether.
1032: Nov 09 13:11:36 CMX50070-101776 systemd[1]: Configuration file /lib/systemd/system/mrt.positioning.catrp3dr.service is marked executable. Please remove executable permission bits. Proceeding anyway.
1033: Nov 09 13:11:36 CMX50070-101776 systemd[1]: Configuration file /lib/systemd/system/mrt.positioning.catrp3d1.service is marked executable. Please remove executable permission bits. Proceeding anyway.
1034: Nov 09 13:11:36 CMX50070-101776 systemd[1]: Configuration file /lib/systemd/system/mrt.cmsequencer.service is marked executable. Please remove executable permission bits. Proceeding anyway.
1035: Nov 09 13:11:36 CMX50070-101776 systemd[1]: /lib/systemd/system/mrt.base.service:3: Failed to add dependency on rpcbind.sockets, ignoring: Invalid argument
1036: Nov 09 13:11:36 CMX50070-101776 systemd[1]: /lib/systemd/system/cmximportexport.service:16: Unknown key name 'PartOf' in section 'Service', ignoring.
1037: Nov 09 13:11:36 CMX50070-101776 systemd[1]: Configuration file /etc/systemd/system/fcemergencyd.service is marked world-writable. Please remove world writability permission bits. Proceeding anyway.
1038: Nov 09 13:11:36 CMX50070-101776 systemd[1]: Configuration file /etc/systemd/system/TCSS.service is marked world-writable. Please remove world writability permission bits. Proceeding anyway.
1039: Nov 09 13:11:36 CMX50070-101776 systemd[1]: Configuration file /etc/systemd/system/LoggingService.service is marked world-writable. Please remove world writability permission bits. Proceeding anyway.
1040: Nov 09 13:11:36 CMX50070-101776 systemd[1]: /etc/systemd/system/LoggingService.service:3: Failed to add dependency on rpcbind.sockets, ignoring: Invalid argument
1041: Nov 09 13:11:36 CMX50070-101776 systemd[1]: Configuration file /etc/systemd/system/DAPILogger.service is marked world-writable. Please remove world writability permission bits. Proceeding anyway.
1042: Nov 09 13:11:36 CMX50070-101776 kernel: usb 3-2.4.1: new high-speed USB device number 7 using xhci_hcd
